<html>
<body>
<pre>
<h1>µVision Build Log</h1>
<h2>Tool Versions:</h2>
IDE-Version: ¦ÌVision V5.37.0.0
Copyright (C) 2022 ARM Ltd and ARM Germany GmbH. All rights reserved.
License Information: 123 cxy, 123, LIC=2TTQ1-CV7LL-TL0CD-8K2NT-4BUKQ-NGE0W
 
Tool Versions:
Toolchain:       MDK-ARM Professional  Version: 5.37.0.0
Toolchain Path:  C:\software\Keil5\Core\ARM\ARMCC\Bin
C Compiler:      Armcc.exe V5.06 update 7 (build 960)
Assembler:       Armasm.exe V5.06 update 7 (build 960)
Linker/Locator:  ArmLink.exe V5.06 update 7 (build 960)
Library Manager: ArmAr.exe V5.06 update 7 (build 960)
Hex Converter:   FromElf.exe V5.06 update 7 (build 960)
CPU DLL:         SARMCM3.DLL V5.37.0.0
Dialog DLL:      DCM.DLL V1.17.5.0
Target DLL:      STLink\ST-LINKIII-KEIL_SWO.dll V3.0.9.0
Dialog DLL:      TCM.DLL V1.56.1.0
 
<h2>Project:</h2>
C:\Users\cxy\Desktop\code_C_exercise\project\myself\Stm32f407weatherclock\MDK-ARM\Stm32f407weatherclock.uvprojx
Project File Date:  05/16/2026

<h2>Output:</h2>
*** Using Compiler 'V5.06 update 7 (build 960)', folder: 'C:\software\Keil5\Core\ARM\ARMCC\Bin'
Build target 'Stm32f407weatherclock'
compiling mloop.c...
../code_func/headfile.h(35): warning:  #1-D: last line of file ends without a newline
  #endif
../code_driver/cpu_delay.h(12): warning:  #1-D: last line of file ends without a newline
  #endif
../code_driver/font/font.h(28): warning:  #1-D: last line of file ends without a newline
  #endif
../code_driver/rtc_driver.h(23): warning:  #1-D: last line of file ends without a newline
  #endif /* __RTC_H__ */
../code_func/page/page.h(27): warning:  #1-D: last line of file ends without a newline
  #endif /* __PAGE_H__ */
../code_driver/aht20.h(12): warning:  #1-D: last line of file ends without a newline
  #endif
../code_driver/esp_at.h(41): warning:  #1-D: last line of file ends without a newline
  #endif
..\code_func\app.h(33): warning:  #1-D: last line of file ends without a newline
  #endif
..\code_func\headfile.h(35): warning:  #1-D: last line of file ends without a newline
  #endif
..\code_func\mloop.c(331): warning:  #1-D: last line of file ends without a newline
  }
..\code_func\mloop.c: 10 warnings, 0 errors
linking...
Program Size: Code=27984 RO-data=249140 RW-data=88 ZI-data=2752  
FromELF: creating hex file...
"Stm32f407weatherclock\Stm32f407weatherclock.axf" - 0 Error(s), 10 Warning(s).

<h2>Software Packages used:</h2>

Package Vendor: ARM
                http://www.keil.com/pack/ARM.CMSIS.5.9.0.pack
                ARM.CMSIS.5.9.0
                CMSIS (Common Microcontroller Software Interface Standard)
   * Component: CORE Version: 5.6.0

Package Vendor: Keil
                http://www.keil.com/pack/Keil.STM32F4xx_DFP.2.16.0.pack
                Keil.STM32F4xx_DFP.2.16.0
                STMicroelectronics STM32F4 Series Device Support, Drivers and Examples

<h2>Collection of Component include folders:</h2>
  ./RTE/_Stm32f407weatherclock
  C:/software/Keil5/Pack/ARM/CMSIS/5.9.0/CMSIS/Core/Include
  C:/software/Keil5/Pack/Keil/STM32F4xx_DFP/2.16.0/Drivers/CMSIS/Device/ST/STM32F4xx/Include

<h2>Collection of Component Files used:</h2>

   * Component: ARM::CMSIS:CORE:5.6.0
      Include file:  CMSIS/Core/Include/tz_context.h
Build Time Elapsed:  00:00:01
</pre>
</body>
</html>
