Component: ARM Compiler 5.06 update 7 (build 960) Tool: armlink [4d3601]

==============================================================================

Section Cross References

    startup_stm32f407xx.o(RESET) refers to startup_stm32f407xx.o(STACK) for __initial_sp
    startup_stm32f407xx.o(RESET) refers to startup_stm32f407xx.o(.text) for Reset_Handler
    startup_stm32f407xx.o(RESET) refers to stm32f4xx_it.o(i.NMI_Handler) for NMI_Handler
    startup_stm32f407xx.o(RESET) refers to stm32f4xx_it.o(i.HardFault_Handler) for HardFault_Handler
    startup_stm32f407xx.o(RESET) refers to stm32f4xx_it.o(i.MemManage_Handler) for MemManage_Handler
    startup_stm32f407xx.o(RESET) refers to stm32f4xx_it.o(i.BusFault_Handler) for BusFault_Handler
    startup_stm32f407xx.o(RESET) refers to stm32f4xx_it.o(i.UsageFault_Handler) for UsageFault_Handler
    startup_stm32f407xx.o(RESET) refers to stm32f4xx_it.o(i.SVC_Handler) for SVC_Handler
    startup_stm32f407xx.o(RESET) refers to stm32f4xx_it.o(i.DebugMon_Handler) for DebugMon_Handler
    startup_stm32f407xx.o(RESET) refers to stm32f4xx_it.o(i.PendSV_Handler) for PendSV_Handler
    startup_stm32f407xx.o(RESET) refers to stm32f4xx_it.o(i.SysTick_Handler) for SysTick_Handler
    startup_stm32f407xx.o(RESET) refers to stm32f4xx_it.o(i.TIM2_IRQHandler) for TIM2_IRQHandler
    startup_stm32f407xx.o(.text) refers to system_stm32f4xx.o(i.SystemInit) for SystemInit
    startup_stm32f407xx.o(.text) refers to entry.o(.ARM.Collect$$$$00000000) for __main
    main.o(i.SystemClock_Config) refers to memseta.o(.text) for __aeabi_memclr4
    main.o(i.SystemClock_Config) refers to stm32f4xx_hal_rcc.o(i.HAL_RCC_OscConfig) for HAL_RCC_OscConfig
    main.o(i.SystemClock_Config) refers to main.o(i.Error_Handler) for Error_Handler
    main.o(i.SystemClock_Config) refers to stm32f4xx_hal_rcc.o(i.HAL_RCC_ClockConfig) for HAL_RCC_ClockConfig
    main.o(i.main) refers to stm32f4xx_hal.o(i.HAL_Init) for HAL_Init
    main.o(i.main) refers to main.o(i.SystemClock_Config) for SystemClock_Config
    main.o(i.main) refers to gpio.o(i.MX_GPIO_Init) for MX_GPIO_Init
    main.o(i.main) refers to spi.o(i.MX_SPI2_Init) for MX_SPI2_Init
    main.o(i.main) refers to i2c.o(i.MX_I2C2_Init) for MX_I2C2_Init
    main.o(i.main) refers to usart.o(i.MX_USART1_UART_Init) for MX_USART1_UART_Init
    main.o(i.main) refers to usart.o(i.MX_USART2_UART_Init) for MX_USART2_UART_Init
    main.o(i.main) refers to rtc.o(i.MX_RTC_Init) for MX_RTC_Init
    main.o(i.main) refers to tim.o(i.MX_TIM2_Init) for MX_TIM2_Init
    main.o(i.main) refers to stm32f4xx_hal_tim.o(i.HAL_TIM_Base_Start_IT) for HAL_TIM_Base_Start_IT
    main.o(i.main) refers to aht20.o(i.aht20_init) for aht20_init
    main.o(i.main) refers to st7789.o(i.st7789_init_display) for st7789_init_display
    main.o(i.main) refers to first_welcome_page.o(i.welcome_page_display) for welcome_page_display
    main.o(i.main) refers to wifi.o(i.wifi_init) for wifi_init
    main.o(i.main) refers to wifi_page.o(i.wifi_page_display) for wifi_page_display
    main.o(i.main) refers to wifi.o(i.wifi_wait_connect) for wifi_wait_connect
    main.o(i.main) refers to mloop.o(i.main_loop_init) for main_loop_init
    main.o(i.main) refers to main_page.o(i.main_page_display) for main_page_display
    main.o(i.main) refers to mloop.o(i.main_loop) for main_loop
    main.o(i.main) refers to tim.o(.bss) for htim2
    gpio.o(i.MX_GPIO_Init) refers to memseta.o(.text) for __aeabi_memclr4
    gpio.o(i.MX_GPIO_Init) refers to stm32f4xx_hal_gpio.o(i.HAL_GPIO_WritePin) for HAL_GPIO_WritePin
    gpio.o(i.MX_GPIO_Init) refers to stm32f4xx_hal_gpio.o(i.HAL_GPIO_Init) for HAL_GPIO_Init
    i2c.o(i.HAL_I2C_MspDeInit) refers to stm32f4xx_hal_gpio.o(i.HAL_GPIO_DeInit) for HAL_GPIO_DeInit
    i2c.o(i.HAL_I2C_MspInit) refers to memseta.o(.text) for __aeabi_memclr4
    i2c.o(i.HAL_I2C_MspInit) refers to stm32f4xx_hal_gpio.o(i.HAL_GPIO_Init) for HAL_GPIO_Init
    i2c.o(i.MX_I2C2_Init) refers to stm32f4xx_hal_i2c.o(i.HAL_I2C_Init) for HAL_I2C_Init
    i2c.o(i.MX_I2C2_Init) refers to main.o(i.Error_Handler) for Error_Handler
    i2c.o(i.MX_I2C2_Init) refers to i2c.o(.bss) for hi2c2
    rtc.o(i.HAL_RTC_MspInit) refers to stm32f4xx_hal_rcc_ex.o(i.HAL_RCCEx_PeriphCLKConfig) for HAL_RCCEx_PeriphCLKConfig
    rtc.o(i.HAL_RTC_MspInit) refers to main.o(i.Error_Handler) for Error_Handler
    rtc.o(i.MX_RTC_Init) refers to memseta.o(.text) for __aeabi_memclr4
    rtc.o(i.MX_RTC_Init) refers to stm32f4xx_hal_rtc.o(i.HAL_RTC_Init) for HAL_RTC_Init
    rtc.o(i.MX_RTC_Init) refers to main.o(i.Error_Handler) for Error_Handler
    rtc.o(i.MX_RTC_Init) refers to stm32f4xx_hal_rtc.o(i.HAL_RTC_SetTime) for HAL_RTC_SetTime
    rtc.o(i.MX_RTC_Init) refers to stm32f4xx_hal_rtc.o(i.HAL_RTC_SetDate) for HAL_RTC_SetDate
    rtc.o(i.MX_RTC_Init) refers to rtc.o(.bss) for hrtc
    spi.o(i.HAL_SPI_MspDeInit) refers to stm32f4xx_hal_gpio.o(i.HAL_GPIO_DeInit) for HAL_GPIO_DeInit
[...]
    .constdata                               0x08006ef0   Section      108  esp_at.o(.constdata)
    at_ack_matches                           0x08006ef0   Data          32  esp_at.o(.constdata)
    .constdata                               0x08006f5c   Section     9776  font.o(.constdata)
    <Data1>                                  0x08006f5c   Data         128  font.o(.constdata)
    <Data2>                                  0x08006fdc   Data         128  font.o(.constdata)
    <Data3>                                  0x0800705c   Data         128  font.o(.constdata)
    <Data4>                                  0x080070dc   Data         128  font.o(.constdata)
    <Data5>                                  0x0800715c   Data         128  font.o(.constdata)
    <Data6>                                  0x080071dc   Data         128  font.o(.constdata)
    <Data7>                                  0x0800725c   Data         128  font.o(.constdata)
    <Data8>                                  0x080072dc   Data         128  font.o(.constdata)
    <Data9>                                  0x0800735c   Data         128  font.o(.constdata)
    <Data10>                                 0x080073dc   Data         128  font.o(.constdata)
    <Data11>                                 0x0800745c   Data         128  font.o(.constdata)
    <Data12>                                 0x080074dc   Data         128  font.o(.constdata)
    <Data13>                                 0x0800755c   Data         128  font.o(.constdata)
    <Data14>                                 0x080075dc   Data         128  font.o(.constdata)
    <Data15>                                 0x0800765c   Data         128  font.o(.constdata)
    <Data16>                                 0x080076dc   Data         128  font.o(.constdata)
    <Data17>                                 0x0800775c   Data         128  font.o(.constdata)
    <Data18>                                 0x080077dc   Data         128  font.o(.constdata)
    <Data19>                                 0x0800785c   Data         128  font.o(.constdata)
    <Data20>                                 0x080078dc   Data         128  font.o(.constdata)
    <Data21>                                 0x0800795c   Data         128  font.o(.constdata)
    <Data22>                                 0x080079dc   Data         128  font.o(.constdata)
    <Data23>                                 0x08007a5c   Data         128  font.o(.constdata)
    <Data24>                                 0x08007adc   Data         128  font.o(.constdata)
    <Data25>                                 0x08007b5c   Data         128  font.o(.constdata)
    <Data26>                                 0x08007bdc   Data         128  font.o(.constdata)
    <Data27>                                 0x08007c5c   Data         128  font.o(.constdata)
    ascii_model                              0x08007cdc   Data        6080  font.o(.constdata)
    chinese_model                            0x0800949c   Data         224  font.o(.constdata)
    .constdata                               0x0800958c   Section     1536  font_size16.o(.constdata)
    ascii_model                              0x0800958c   Data        1520  font_size16.o(.constdata)
    .constdata                               0x08009b8c   Section     5456  font_size20.o(.constdata)
    <Data1>                                  0x08009b8c   Data          60  font_size20.o(.constdata)
    <Data2>                                  0x08009bc8   Data          60  font_size20.o(.constdata)
    <Data3>                                  0x08009c04   Data          60  font_size20.o(.constdata)
    <Data4>                                  0x08009c40   Data          60  font_size20.o(.constdata)
    <Data5>                                  0x08009c7c   Data          60  font_size20.o(.constdata)
    <Data6>                                  0x08009cb8   Data          60  font_size20.o(.constdata)
    <Data7>                                  0x08009cf4   Data          60  font_size20.o(.constdata)
    <Data8>                                  0x08009d30   Data          60  font_size20.o(.constdata)
    <Data9>                                  0x08009d6c   Data          60  font_size20.o(.constdata)
    <Data10>                                 0x08009da8   Data          60  font_size20.o(.constdata)
    <Data11>                                 0x08009de4   Data          60  font_size20.o(.constdata)
    <Data12>                                 0x08009e20   Data          60  font_size20.o(.constdata)
    <Data13>                                 0x08009e5c   Data          60  font_size20.o(.constdata)
    <Data14>                                 0x08009e98   Data          60  font_size20.o(.constdata)
    <Data15>                                 0x08009ed4   Data          60  font_size20.o(.constdata)
    <Data16>                                 0x08009f10   Data          60  font_size20.o(.constdata)
    <Data17>                                 0x08009f4c   Data          60  font_size20.o(.constdata)
    <Data18>                                 0x08009f88   Data          60  font_size20.o(.constdata)
    <Data19>                                 0x08009fc4   Data          60  font_size20.o(.constdata)
    <Data20>                                 0x0800a000   Data          60  font_size20.o(.constdata)
    <Data21>                                 0x0800a03c   Data          60  font_size20.o(.constdata)
    <Data22>                                 0x0800a078   Data          60  font_size20.o(.constdata)
    <Data23>                                 0x0800a0b4   Data          60  font_size20.o(.constdata)
    <Data24>                                 0x0800a0f0   Data          60  font_size20.o(.constdata)
    ascii_model                              0x0800a12c   Data        3800  font_size20.o(.constdata)
    chinese_model                            0x0800b004   Data         200  font_size20.o(.constdata)
    .constdata                               0x0800b0dc   Section     1304  font24_maple_semibold.o(.constdata)
    <Data1>                                  0x0800b0dc   Data          72  font24_maple_semibold.o(.constdata)
    <Data2>                                  0x0800b124   Data          72  font24_maple_semibold.o(.constdata)
    <Data3>                                  0x0800b16c   Data          72  font24_maple_semibold.o(.constdata)
    <Data4>                                  0x0800b1b4   Data          72  font24_maple_semibold.o(.constdata)
    <Data5>                                  0x0800b1fc   Data          72  font24_maple_semibold.o(.constdata)
    <Data6>                                  0x0800b244   Data          72  font24_maple_semibold.o(.constdata)
    <Data7>                                  0x0800b28c   Data          72  font24_maple_semibold.o(.constdata)
    <Data8>                                  0x0800b2d4   Data          72  font24_maple_semibold.o(.constdata)
    <Data9>                                  0x0800b31c   Data          72  font24_maple_semibold.o(.constdata)
    <Data10>                                 0x0800b364   Data          72  font24_maple_semibold.o(.constdata)
    <Data11>                                 0x0800b3ac   Data          72  font24_maple_semibold.o(.constdata)
    <Data12>                                 0x0800b3f4   Data          72  font24_maple_semibold.o(.constdata)
    <Data13>                                 0x0800b43c   Data          72  font24_maple_semibold.o(.constdata)
    <Data14>                                 0x0800b484   Data          72  font24_maple_semibold.o(.constdata)
    <Data15>                                 0x0800b4cc   Data          72  font24_maple_semibold.o(.constdata)
    <Data16>                                 0x0800b514   Data          72  font24_maple_semibold.o(.constdata)
    chinese_model                            0x0800b55c   Data         136  font24_maple_semibold.o(.constdata)
    .constdata                               0x0800b5f4   Section     4956  font76_maple_extrabold.o(.constdata)
    ascii_model                              0x0800b5f4   Data        4940  font76_maple_extrabold.o(.constdata)
    .constdata                               0x0800c950   Section    64808  img_first_welcome.o(.constdata)
    .constdata                               0x0801c678   Section    51208  img_error.o(.constdata)
    gImage_img_error                         0x0801c678   Data       51200  img_error.o(.constdata)
    .constdata                               0x08028e80   Section    59048  img_wifi.o(.constdata)
    gImage_img_wifi                          0x08028e80   Data       59040  img_wifi.o(.constdata)
    .constdata                               0x08037528   Section     1160  icon_wifi.o(.constdata)
    gImage_icon_wifi                         0x08037528   Data        1152  icon_wifi.o(.constdata)
    .constdata                               0x080379b0   Section     2152  icon_wenduji.o(.constdata)
    gImage_icon_wenduji                      0x080379b0   Data        2142  icon_wenduji.o(.constdata)
    .constdata                               0x08038218   Section     5840  icon_duoyun.o(.constdata)
    gImage_icon_duoyun                       0x08038218   Data        5832  icon_duoyun.o(.constdata)
    .constdata                               0x080398e8   Section     5840  icon_leizhenyu.o(.constdata)
    gImage_icon_leizhenyu                    0x080398e8   Data        5832  icon_leizhenyu.o(.constdata)
    .constdata                               0x0803afb8   Section     5840  icon_qing.o(.constdata)
    gImage_icon_qing                         0x0803afb8   Data        5832  icon_qing.o(.constdata)
    .constdata                               0x0803c688   Section     5840  icon_yintian.o(.constdata)
    gImage_icon_yintian                      0x0803c688   Data        5832  icon_yintian.o(.constdata)
    .constdata                               0x0803dd58   Section     5840  icon_yueliang.o(.constdata)
    gImage_icon_yueliang                     0x0803dd58   Data        5832  icon_yueliang.o(.constdata)
    .constdata                               0x0803f428   Section     5840  icon_zhongxue.o(.constdata)
    gImage_icon_zhongxue                     0x0803f428   Data        5832  icon_zhongxue.o(.constdata)
    .constdata                               0x08040af8   Section     5840  icon_zhongyu.o(.constdata)
    gImage_icon_zhongyu                      0x08040af8   Data        5832  icon_zhongyu.o(.constdata)
    .constdata                               0x080421c8   Section     5840  icon_na.o(.constdata)
    gImage_icon_na                           0x080421c8   Data        5832  icon_na.o(.constdata)
    .constdata                               0x08043898   Section        7  main_page.o(.constdata)
    .constdata                               0x0804389f   Section       64  ctype_c.o(.constdata)
    .conststring                             0x080438e0   Section      106  mloop.o(.conststring)
    .conststring                             0x0804394c   Section      116  esp_at.o(.conststring)
    .conststring                             0x080439c0   Section      103  font.o(.conststring)
    .conststring                             0x08043a28   Section       31  font_size20.o(.conststring)
    .conststring                             0x08043a48   Section        7  font24_maple_semibold.o(.conststring)
    .conststring                             0x08043a50   Section       14  font76_maple_extrabold.o(.conststring)
    .conststring                             0x08043a60   Section        4  wifi_page.o(.conststring)
    .data                                    0x20000000   Section        9  stm32f4xx_hal.o(.data)
    .data                                    0x2000000c   Section        4  system_stm32f4xx.o(.data)
    .data                                    0x20000010   Section       36  mloop.o(.data)
    time_sync_delay                          0x20000010   Data           4  mloop.o(.data)
    wifi_update_delay                        0x20000014   Data           4  mloop.o(.data)
    time_update_delay                        0x20000018   Data           4  mloop.o(.data)
    inner_update_delay                       0x2000001c   Data           4  mloop.o(.data)
    outdoor_update_delay                     0x20000020   Data           4  mloop.o(.data)
    last_date                                0x20000024   Data           8  mloop.o(.data)
    last_temperature                         0x2000002c   Data           4  mloop.o(.data)
    last_humidity                            0x20000030   Data           4  mloop.o(.data)
    .data                                    0x20000038   Section       20  cpu_delay.o(.data)
    periodic_callback                        0x20000038   Data           4  cpu_delay.o(.data)
    cpu_tick_count                           0x20000040   Data           8  cpu_delay.o(.data)
    cpu_freq                                 0x20000048   Data           4  cpu_delay.o(.data)
    .data                                    0x2000004c   Section        4  wifi_page.o(.data)
    ssid                                     0x2000004c   Data           4  wifi_page.o(.data)
    .data                                    0x20000050   Section        4  stdout.o(.data)
    .data                                    0x20000054   Section        4  errno.o(.data)
    _errno                                   0x20000054   Data           4  errno.o(.data)
    .bss                                     0x20000058   Section       84  i2c.o(.bss)
    .bss                                     0x200000ac   Section       32  rtc.o(.bss)
    .bss                                     0x200000cc   Section       88  spi.o(.bss)
    .bss                                     0x20000124   Section       72  tim.o(.bss)
    .bss                                     0x2000016c   Section      144  usart.o(.bss)
    .bss                                     0x200001fc   Section      280  mloop.o(.bss)
    last_info                                0x200001fc   Data          96  mloop.o(.bss)
    last_weather                             0x2000025c   Data         184  mloop.o(.bss)
    .bss                                     0x20000314   Section     1024  esp_at.o(.bss)
    rxbuf                                    0x20000314   Data        1024  esp_at.o(.bss)
    STACK                                    0x20000718   Section     1024  startup_stm32f407xx.o(STACK)

    Global Symbols

    Symbol Name                              Value     Ov Type        Size  Object(Section)

    BuildAttributes$$THM_ISAv4$E$P$D$K$B$S$7EM$VFPi3$EXTD16$VFPS$VFMA$PE$A:L22UL41UL21$X:L11$S22US41US21$IEEE1$IW$USESV6$~STKCKD$USESV7$~SHL$OTIME$ROPI$IEEEJ$EBA8$MICROLIB$REQ8$PRES8$EABIv2 0x00000000   Number         0  anon$$obj.o ABSOLUTE
    __ARM_use_no_argv                        0x00000000   Number         0  main.o ABSOLUTE
    _printf_a                                0x00000000   Number         0  stubs.o ABSOLUTE
    _printf_c                                0x00000000   Number         0  stubs.o ABSOLUTE
    _printf_charcount                        0x00000000   Number         0  stubs.o ABSOLUTE
    _printf_d                                0x00000000   Number         0  stubs.o ABSOLUTE
    _printf_e                                0x00000000   Number         0  stubs.o ABSOLUTE
    _printf_f                                0x00000000   Number         0  stubs.o ABSOLUTE
    _printf_flags                            0x00000000   Number         0  stubs.o ABSOLUTE
    _printf_fp_dec                           0x00000000   Number         0  stubs.o ABSOLUTE
    _printf_fp_hex                           0x00000000   Number         0  stubs.o ABSOLUTE
    _printf_g                                0x00000000   Number         0  stubs.o ABSOLUTE
    _printf_i                                0x00000000   Number         0  stubs.o ABSOLUTE
    _printf_int_dec                          0x00000000   Number         0  stubs.o ABSOLUTE
    _printf_l                                0x00000000   Number         0  stubs.o ABSOLUTE
    _printf_lc                               0x00000000   Number         0  stubs.o ABSOLUTE
    _printf_ll                               0x00000000   Number         0  stubs.o ABSOLUTE
    _printf_lld                              0x00000000   Number         0  stubs.o ABSOLUTE
    _printf_lli                              0x00000000   Number         0  stubs.o ABSOLUTE
    _printf_llo                              0x00000000   Number         0  stubs.o ABSOLUTE
    _printf_llu                              0x00000000   Number         0  stubs.o ABSOLUTE
    _printf_llx                              0x00000000   Number         0  stubs.o ABSOLUTE
    _printf_longlong_dec                     0x00000000   Number         0  stubs.o ABSOLUTE
    _printf_longlong_hex                     0x00000000   Number         0  stubs.o ABSOLUTE
    _printf_longlong_oct                     0x00000000   Number         0  stubs.o ABSOLUTE
    _printf_ls                               0x00000000   Number         0  stubs.o ABSOLUTE
    _printf_mbtowc                           0x00000000   Number         0  stubs.o ABSOLUTE
    _printf_n                                0x00000000   Number         0  stubs.o ABSOLUTE
    _printf_o                                0x00000000   Number         0  stubs.o ABSOLUTE
    _printf_p                                0x00000000   Number         0  stubs.o ABSOLUTE
    _printf_percent                          0x00000000   Number         0  stubs.o ABSOLUTE
    _printf_pre_padding                      0x00000000   Number         0  stubs.o ABSOLUTE
    _printf_return_value                     0x00000000   Number         0  stubs.o ABSOLUTE
    _printf_s                                0x00000000   Number         0  stubs.o ABSOLUTE
    _printf_sizespec                         0x00000000   Number         0  stubs.o ABSOLUTE
    _printf_str                              0x00000000   Number         0  stubs.o ABSOLUTE
    _printf_truncate_signed                  0x00000000   Number         0  stubs.o ABSOLUTE
    _printf_truncate_unsigned                0x00000000   Number         0  stubs.o ABSOLUTE
    _printf_u                                0x00000000   Number         0  stubs.o ABSOLUTE
    _printf_wc                               0x00000000   Number         0  stubs.o ABSOLUTE
    _printf_wctomb                           0x00000000   Number         0  stubs.o ABSOLUTE
    _printf_widthprec                        0x00000000   Number         0  stubs.o ABSOLUTE
    _printf_x                                0x00000000   Number         0  stubs.o ABSOLUTE
    __arm_fini_                               - Undefined Weak Reference
    __cpp_initialize__aeabi_                  - Undefined Weak Reference
    __cxa_finalize                            - Undefined Weak Reference
    __decompress                              - Undefined Weak Reference
    _clock_init                               - Undefined Weak Reference
    _microlib_exit                            - Undefined Weak Reference
    _scanf_longlong                           - Undefined Weak Reference
    __Vectors_Size                           0x00000188   Number         0  startup_stm32f407xx.o ABSOLUTE
    __Vectors                                0x08000000   Data           4  startup_stm32f407xx.o(RESET)
    __Vectors_End                            0x08000188   Data           0  startup_stm32f407xx.o(RESET)
    __main                                   0x08000189   Thumb Code     0  entry.o(.ARM.Collect$$$$00000000)
    _main_stk                                0x08000189   Thumb Code     0  entry2.o(.ARM.Collect$$$$00000001)
    _main_scatterload                        0x0800018d   Thumb Code     0  entry5.o(.ARM.Collect$$$$00000004)
    __main_after_scatterload                 0x08000191   Thumb Code     0  entry5.o(.ARM.Collect$$$$00000004)
    _main_clock                              0x08000191   Thumb Code     0  entry7b.o(.ARM.Collect$$$$00000008)
    _main_cpp_init                           0x08000191   Thumb Code     0  entry8b.o(.ARM.Collect$$$$0000000A)
    _main_init                               0x08000191   Thumb Code     0  entry9a.o(.ARM.Collect$$$$0000000B)
    __rt_lib_shutdown_fini                   0x08000199   Thumb Code     0  entry12b.o(.ARM.Collect$$$$0000000E)
    __rt_final_cpp                           0x0800019d   Thumb Code     0  entry10a.o(.ARM.Collect$$$$0000000F)
    __rt_final_exit                          0x0800019d   Thumb Code     0  entry11a.o(.ARM.Collect$$$$00000011)
    Reset_Handler                            0x080001a1   Thumb Code     8  startup_stm32f407xx.o(.text)
    ADC_IRQHandler                           0x080001bb   Thumb Code     0  startup_stm32f407xx.o(.text)
    CAN1_RX0_IRQHandler                      0x080001bb   Thumb Code     0  startup_stm32f407xx.o(.text)
    CAN1_RX1_IRQHandler                      0x080001bb   Thumb Code     0  startup_stm32f407xx.o(.text)
    CAN1_SCE_IRQHandler                      0x080001bb   Thumb Code     0  startup_stm32f407xx.o(.text)
    CAN1_TX_IRQHandler                       0x080001bb   Thumb Code     0  startup_stm32f407xx.o(.text)
    CAN2_RX0_IRQHandler                      0x080001bb   Thumb Code     0  startup_stm32f407xx.o(.text)
    CAN2_RX1_IRQHandler                      0x080001bb   Thumb Code     0  startup_stm32f407xx.o(.text)
    CAN2_SCE_IRQHandler                      0x080001bb   Thumb Code     0  startup_stm32f407xx.o(.text)
    CAN2_TX_IRQHandler                       0x080001bb   Thumb Code     0  startup_stm32f407xx.o(.text)
    DCMI_IRQHandler                          0x080001bb   Thumb Code     0  startup_stm32f407xx.o(.text)
    DMA1_Stream0_IRQHandler                  0x080001bb   Thumb Code     0  startup_stm32f407xx.o(.text)
    DMA1_Stream1_IRQHandler                  0x080001bb   Thumb Code     0  startup_stm32f407xx.o(.text)
    DMA1_Stream2_IRQHandler                  0x080001bb   Thumb Code     0  startup_stm32f407xx.o(.text)
    DMA1_Stream3_IRQHandler                  0x080001bb   Thumb Code     0  startup_stm32f407xx.o(.text)
    DMA1_Stream4_IRQHandler                  0x080001bb   Thumb Code     0  startup_stm32f407xx.o(.text)
    DMA1_Stream5_IRQHandler                  0x080001bb   Thumb Code     0  startup_stm32f407xx.o(.text)
    DMA1_Stream6_IRQHandler                  0x080001bb   Thumb Code     0  startup_stm32f407xx.o(.text)
    DMA1_Stream7_IRQHandler                  0x080001bb   Thumb Code     0  startup_stm32f407xx.o(.text)
    DMA2_Stream0_IRQHandler                  0x080001bb   Thumb Code     0  startup_stm32f407xx.o(.text)
    DMA2_Stream1_IRQHandler                  0x080001bb   Thumb Code     0  startup_stm32f407xx.o(.text)
    DMA2_Stream2_IRQHandler                  0x080001bb   Thumb Code     0  startup_stm32f407xx.o(.text)
    DMA2_Stream3_IRQHandler                  0x080001bb   Thumb Code     0  startup_stm32f407xx.o(.text)
    DMA2_Stream4_IRQHandler                  0x080001bb   Thumb Code     0  startup_stm32f407xx.o(.text)
    DMA2_Stream5_IRQHandler                  0x080001bb   Thumb Code     0  startup_stm32f407xx.o(.text)
    DMA2_Stream6_IRQHandler                  0x080001bb   Thumb Code     0  startup_stm32f407xx.o(.text)
    DMA2_Stream7_IRQHandler                  0x080001bb   Thumb Code     0  startup_stm32f407xx.o(.text)
    ETH_IRQHandler                           0x080001bb   Thumb Code     0  startup_stm32f407xx.o(.text)
    ETH_WKUP_IRQHandler                      0x080001bb   Thumb Code     0  startup_stm32f407xx.o(.text)
    EXTI0_IRQHandler                         0x080001bb   Thumb Code     0  startup_stm32f407xx.o(.text)
    EXTI15_10_IRQHandler                     0x080001bb   Thumb Code     0  startup_stm32f407xx.o(.text)
    EXTI1_IRQHandler                         0x080001bb   Thumb Code     0  startup_stm32f407xx.o(.text)
    EXTI2_IRQHandler                         0x080001bb   Thumb Code     0  startup_stm32f407xx.o(.text)
    EXTI3_IRQHandler                         0x080001bb   Thumb Code     0  startup_stm32f407xx.o(.text)
    EXTI4_IRQHandler                         0x080001bb   Thumb Code     0  startup_stm32f407xx.o(.text)
    EXTI9_5_IRQHandler                       0x080001bb   Thumb Code     0  startup_stm32f407xx.o(.text)
    FLASH_IRQHandler                         0x080001bb   Thumb Code     0  startup_stm32f407xx.o(.text)
    FMC_IRQHandler                           0x080001bb   Thumb Code     0  startup_stm32f407xx.o(.text)
    FPU_IRQHandler                           0x080001bb   Thumb Code     0  startup_stm32f407xx.o(.text)
    HASH_RNG_IRQHandler                      0x080001bb   Thumb Code     0  startup_stm32f407xx.o(.text)
    I2C1_ER_IRQHandler                       0x080001bb   Thumb Code     0  startup_stm32f407xx.o(.text)
    I2C1_EV_IRQHandler                       0x080001bb   Thumb Code     0  startup_stm32f407xx.o(.text)
    I2C2_ER_IRQHandler                       0x080001bb   Thumb Code     0  startup_stm32f407xx.o(.text)
    I2C2_EV_IRQHandler                       0x080001bb   Thumb Code     0  startup_stm32f407xx.o(.text)
    I2C3_ER_IRQHandler                       0x080001bb   Thumb Code     0  startup_stm32f407xx.o(.text)
    I2C3_EV_IRQHandler                       0x080001bb   Thumb Code     0  startup_stm32f407xx.o(.text)
    OTG_FS_IRQHandler                        0x080001bb   Thumb Code     0  startup_stm32f407xx.o(.text)
    OTG_FS_WKUP_IRQHandler                   0x080001bb   Thumb Code     0  startup_stm32f407xx.o(.text)
    OTG_HS_EP1_IN_IRQHandler                 0x080001bb   Thumb Code     0  startup_stm32f407xx.o(.text)
    OTG_HS_EP1_OUT_IRQHandler                0x080001bb   Thumb Code     0  startup_stm32f407xx.o(.text)
    OTG_HS_IRQHandler                        0x080001bb   Thumb Code     0  startup_stm32f407xx.o(.text)
    OTG_HS_WKUP_IRQHandler                   0x080001bb   Thumb Code     0  startup_stm32f407xx.o(.text)
    PVD_IRQHandler                           0x080001bb   Thumb Code     0  startup_stm32f407xx.o(.text)
    RCC_IRQHandler                           0x080001bb   Thumb Code     0  startup_stm32f407xx.o(.text)
    RTC_Alarm_IRQHandler                     0x080001bb   Thumb Code     0  startup_stm32f407xx.o(.text)
    RTC_WKUP_IRQHandler                      0x080001bb   Thumb Code     0  startup_stm32f407xx.o(.text)
    SDIO_IRQHandler                          0x080001bb   Thumb Code     0  startup_stm32f407xx.o(.text)
    SPI1_IRQHandler                          0x080001bb   Thumb Code     0  startup_stm32f407xx.o(.text)
    SPI2_IRQHandler                          0x080001bb   Thumb Code     0  startup_stm32f407xx.o(.text)
    SPI3_IRQHandler                          0x080001bb   Thumb Code     0  startup_stm32f407xx.o(.text)
    TAMP_STAMP_IRQHandler                    0x080001bb   Thumb Code     0  startup_stm32f407xx.o(.text)
    TIM1_BRK_TIM9_IRQHandler                 0x080001bb   Thumb Code     0  startup_stm32f407xx.o(.text)
    TIM1_CC_IRQHandler                       0x080001bb   Thumb Code     0  startup_stm32f407xx.o(.text)
    TIM1_TRG_COM_TIM11_IRQHandler            0x080001bb   Thumb Code     0  startup_stm32f407xx.o(.text)
    TIM1_UP_TIM10_IRQHandler                 0x080001bb   Thumb Code     0  startup_stm32f407xx.o(.text)
    TIM3_IRQHandler                          0x080001bb   Thumb Code     0  startup_stm32f407xx.o(.text)
    TIM4_IRQHandler                          0x080001bb   Thumb Code     0  startup_stm32f407xx.o(.text)
    TIM5_IRQHandler                          0x080001bb   Thumb Code     0  startup_stm32f407xx.o(.text)
    TIM6_DAC_IRQHandler                      0x080001bb   Thumb Code     0  startup_stm32f407xx.o(.text)
    TIM7_IRQHandler                          0x080001bb   Thumb Code     0  startup_stm32f407xx.o(.text)
    TIM8_BRK_TIM12_IRQHandler                0x080001bb   Thumb Code     0  startup_stm32f407xx.o(.text)
    TIM8_CC_IRQHandler                       0x080001bb   Thumb Code     0  startup_stm32f407xx.o(.text)
    TIM8_TRG_COM_TIM14_IRQHandler            0x080001bb   Thumb Code     0  startup_stm32f407xx.o(.text)
    TIM8_UP_TIM13_IRQHandler                 0x080001bb   Thumb Code     0  startup_stm32f407xx.o(.text)
    UART4_IRQHandler                         0x080001bb   Thumb Code     0  startup_stm32f407xx.o(.text)
    UART5_IRQHandler                         0x080001bb   Thumb Code     0  startup_stm32f407xx.o(.text)
    USART1_IRQHandler                        0x080001bb   Thumb Code     0  startup_stm32f407xx.o(.text)
    USART2_IRQHandler                        0x080001bb   Thumb Code     0  startup_stm32f407xx.o(.text)
    USART3_IRQHandler                        0x080001bb   Thumb Code     0  startup_stm32f407xx.o(.text)
    USART6_IRQHandler                        0x080001bb   Thumb Code     0  startup_stm32f407xx.o(.text)
    WWDG_IRQHandler                          0x080001bb   Thumb Code     0  startup_stm32f407xx.o(.text)
    __aeabi_uldivmod                         0x080001c5   Thumb Code    98  uldiv.o(.text)
    __aeabi_memcpy                           0x08000227   Thumb Code    36  memcpya.o(.text)
    __aeabi_memcpy4                          0x08000227   Thumb Code     0  memcpya.o(.text)
    __aeabi_memcpy8                          0x08000227   Thumb Code     0  memcpya.o(.text)
    __aeabi_memset                           0x0800024b   Thumb Code    14  memseta.o(.text)
    __aeabi_memset4                          0x0800024b   Thumb Code     0  memseta.o(.text)
    __aeabi_memset8                          0x0800024b   Thumb Code     0  memseta.o(.text)
    __aeabi_memclr                           0x08000259   Thumb Code     4  memseta.o(.text)
    __aeabi_memclr4                          0x08000259   Thumb Code     0  memseta.o(.text)
    __aeabi_memclr8                          0x08000259   Thumb Code     0  memseta.o(.text)
    _memset$wrapper                          0x0800025d   Thumb Code    18  memseta.o(.text)
    strstr                                   0x0800026f   Thumb Code    36  strstr.o(.text)
    strncpy                                  0x08000293   Thumb Code    24  strncpy.o(.text)
    strlen                                   0x080002ab   Thumb Code    14  strlen.o(.text)
    strcmp                                   0x080002b9   Thumb Code    28  strcmp.o(.text)
    memcmp                                   0x080002d5   Thumb Code    26  memcmp.o(.text)
    __0sscanf                                0x080002f1   Thumb Code    48  __0sscanf.o(.text)
    _scanf_int                               0x08000329   Thumb Code   332  _scanf_int.o(.text)
    _scanf_string                            0x08000475   Thumb Code   224  _scanf_str.o(.text)
    __aeabi_f2d                              0x08000555   Thumb Code    38  f2d.o(.text)
    __aeabi_d2f                              0x0800057b   Thumb Code    56  d2f.o(.text)
    __aeabi_uidiv                            0x080005b3   Thumb Code     0  uidiv.o(.text)
    __aeabi_uidivmod                         0x080005b3   Thumb Code    44  uidiv.o(.text)
    __aeabi_llsl                             0x080005df   Thumb Code    30  llshl.o(.text)
    _ll_shift_l                              0x080005df   Thumb Code     0  llshl.o(.text)
    __aeabi_llsr                             0x080005fd   Thumb Code    32  llushr.o(.text)
    _ll_ushift_r                             0x080005fd   Thumb Code     0  llushr.o(.text)
    _chval                                   0x0800061d   Thumb Code    28  _chval.o(.text)
    __vfscanf_char                           0x08000645   Thumb Code    20  scanf_char.o(.text)
    _sgetc                                   0x08000661   Thumb Code    30  _sgetc.o(.text)
    _sbackspace                              0x0800067f   Thumb Code    34  _sgetc.o(.text)
    __strtod_int                             0x080006d7   Thumb Code    90  strtod.o(.text)
    __I$use$fp                               0x0800073d   Thumb Code     0  iusefp.o(.text)
    _float_round                             0x0800073d   Thumb Code    18  fepilogue.o(.text)
    _float_epilogue                          0x0800074f   Thumb Code    92  fepilogue.o(.text)
    __aeabi_dadd                             0x080007ab   Thumb Code   322  dadd.o(.text)
    __aeabi_dsub                             0x080008ed   Thumb Code     6  dadd.o(.text)
    __aeabi_drsub                            0x080008f3   Thumb Code     6  dadd.o(.text)
    __aeabi_dmul                             0x080008f9   Thumb Code   228  dmul.o(.text)
    __aeabi_ddiv                             0x080009dd   Thumb Code   222  ddiv.o(.text)
    __aeabi_d2ulz                            0x08000abb   Thumb Code    48  dfixul.o(.text)
    __aeabi_cdrcmple                         0x08000aed   Thumb Code    48  cdrcmple.o(.text)
    __scatterload                            0x08000b1d   Thumb Code    28  init.o(.text)
    __scatterload_rt2                        0x08000b1d   Thumb Code     0  init.o(.text)
    __aeabi_lasr                             0x08000b41   Thumb Code    36  llsshr.o(.text)
    _ll_sshift_r                             0x08000b41   Thumb Code     0  llsshr.o(.text)
    isspace                                  0x08000b65   Thumb Code    10  isspace_c.o(.text)
    __vfscanf                                0x08000b71   Thumb Code   810  _scanf.o(.text)
    _scanf_real                              0x08000fc9   Thumb Code     0  scanf_fp.o(.text)
    _scanf_really_real                       0x08000fc9   Thumb Code   556  scanf_fp.o(.text)
    _double_round                            0x08001201   Thumb Code    30  depilogue.o(.text)
    _double_epilogue                         0x0800121f   Thumb Code   156  depilogue.o(.text)
    __ctype_lookup                           0x080012bd   Thumb Code    34  ctype_c.o(.text)
    __aeabi_ul2d                             0x080012e5   Thumb Code    24  dfltul.o(.text)
    BusFault_Handler                         0x080012fd   Thumb Code     4  stm32f4xx_it.o(i.BusFault_Handler)
    DebugMon_Handler                         0x08001301   Thumb Code     2  stm32f4xx_it.o(i.DebugMon_Handler)
    Error_Handler                            0x08001303   Thumb Code     6  main.o(i.Error_Handler)
    HAL_Delay                                0x08001309   Thumb Code    36  stm32f4xx_hal.o(i.HAL_Delay)
    HAL_GPIO_Init                            0x08001331   Thumb Code   454  stm32f4xx_hal_gpio.o(i.HAL_GPIO_Init)
    HAL_GPIO_WritePin                        0x08001525   Thumb Code    12  stm32f4xx_hal_gpio.o(i.HAL_GPIO_WritePin)
    HAL_GetTick                              0x08001531   Thumb Code     6  stm32f4xx_hal.o(i.HAL_GetTick)
    HAL_I2C_Init                             0x0800153d   Thumb Code   446  stm32f4xx_hal_i2c.o(i.HAL_I2C_Init)
    HAL_I2C_Master_Receive                   0x0800170d   Thumb Code   766  stm32f4xx_hal_i2c.o(i.HAL_I2C_Master_Receive)
    HAL_I2C_Master_Transmit                  0x08001a19   Thumb Code   360  stm32f4xx_hal_i2c.o(i.HAL_I2C_Master_Transmit)
    HAL_I2C_MspInit                          0x08001b89   Thumb Code   124  i2c.o(i.HAL_I2C_MspInit)
    HAL_IncTick                              0x08001c11   Thumb Code    16  stm32f4xx_hal.o(i.HAL_IncTick)
    HAL_Init                                 0x08001c29   Thumb Code    54  stm32f4xx_hal.o(i.HAL_Init)
    HAL_InitTick                             0x08001c65   Thumb Code    64  stm32f4xx_hal.o(i.HAL_InitTick)
    HAL_MspInit                              0x08001cb1   Thumb Code    68  stm32f4xx_hal_msp.o(i.HAL_MspInit)
    HAL_NVIC_EnableIRQ                       0x08001cf9   Thumb Code    40  stm32f4xx_hal_cortex.o(i.HAL_NVIC_EnableIRQ)
    HAL_NVIC_SetPriority                     0x08001d21   Thumb Code   124  stm32f4xx_hal_cortex.o(i.HAL_NVIC_SetPriority)
    HAL_NVIC_SetPriorityGrouping             0x08001d9d   Thumb Code    32  stm32f4xx_hal_cortex.o(i.HAL_NVIC_SetPriorityGrouping)
    HAL_RCCEx_PeriphCLKConfig                0x08001dc5   Thumb Code   396  stm32f4xx_hal_rcc_ex.o(i.HAL_RCCEx_PeriphCLKConfig)
    HAL_RCC_ClockConfig                      0x08001f65   Thumb Code   368  stm32f4xx_hal_rcc.o(i.HAL_RCC_ClockConfig)
    HAL_RCC_GetHCLKFreq                      0x080020e9   Thumb Code     6  stm32f4xx_hal_rcc.o(i.HAL_RCC_GetHCLKFreq)
    HAL_RCC_GetPCLK1Freq                     0x080020f5   Thumb Code    22  stm32f4xx_hal_rcc.o(i.HAL_RCC_GetPCLK1Freq)
    HAL_RCC_GetPCLK2Freq                     0x08002115   Thumb Code    22  stm32f4xx_hal_rcc.o(i.HAL_RCC_GetPCLK2Freq)
    HAL_RCC_GetSysClockFreq                  0x08002135   Thumb Code   162  stm32f4xx_hal_rcc.o(i.HAL_RCC_GetSysClockFreq)
    HAL_RCC_OscConfig                        0x080021e5   Thumb Code  1172  stm32f4xx_hal_rcc.o(i.HAL_RCC_OscConfig)
    HAL_RTC_GetDate                          0x08002681   Thumb Code    72  stm32f4xx_hal_rtc.o(i.HAL_RTC_GetDate)
    HAL_RTC_GetTime                          0x080026cd   Thumb Code    88  stm32f4xx_hal_rtc.o(i.HAL_RTC_GetTime)
    HAL_RTC_Init                             0x08002729   Thumb Code   174  stm32f4xx_hal_rtc.o(i.HAL_RTC_Init)
    HAL_RTC_MspInit                          0x080027dd   Thumb Code    50  rtc.o(i.HAL_RTC_MspInit)
    HAL_RTC_SetDate                          0x08002819   Thumb Code   188  stm32f4xx_hal_rtc.o(i.HAL_RTC_SetDate)
    HAL_RTC_SetTime                          0x080028d9   Thumb Code   230  stm32f4xx_hal_rtc.o(i.HAL_RTC_SetTime)
    HAL_RTC_WaitForSynchro                   0x080029c5   Thumb Code    52  stm32f4xx_hal_rtc.o(i.HAL_RTC_WaitForSynchro)
    HAL_SPI_GetState                         0x080029fd   Thumb Code     8  stm32f4xx_hal_spi.o(i.HAL_SPI_GetState)
    HAL_SPI_Init                             0x08002a05   Thumb Code   200  stm32f4xx_hal_spi.o(i.HAL_SPI_Init)
    HAL_SPI_MspInit                          0x08002acd   Thumb Code   182  spi.o(i.HAL_SPI_MspInit)
    HAL_SPI_Transmit                         0x08002b95   Thumb Code   446  stm32f4xx_hal_spi.o(i.HAL_SPI_Transmit)
    HAL_SYSTICK_Config                       0x08002d53   Thumb Code    52  stm32f4xx_hal_cortex.o(i.HAL_SYSTICK_Config)
    HAL_TIMEx_BreakCallback                  0x08002d87   Thumb Code     2  stm32f4xx_hal_tim_ex.o(i.HAL_TIMEx_BreakCallback)
    HAL_TIMEx_CommutCallback                 0x08002d89   Thumb Code     2  stm32f4xx_hal_tim_ex.o(i.HAL_TIMEx_CommutCallback)
    HAL_TIMEx_MasterConfigSynchronization    0x08002d8d   Thumb Code   150  stm32f4xx_hal_tim_ex.o(i.HAL_TIMEx_MasterConfigSynchronization)
    HAL_TIM_Base_Init                        0x08002e41   Thumb Code   102  stm32f4xx_hal_tim.o(i.HAL_TIM_Base_Init)
    HAL_TIM_Base_MspInit                     0x08002ea9   Thumb Code    62  tim.o(i.HAL_TIM_Base_MspInit)
    HAL_TIM_Base_Start_IT                    0x08002eed   Thumb Code   138  stm32f4xx_hal_tim.o(i.HAL_TIM_Base_Start_IT)
    HAL_TIM_ConfigClockSource                0x08002f95   Thumb Code   268  stm32f4xx_hal_tim.o(i.HAL_TIM_ConfigClockSource)
    HAL_TIM_IC_CaptureCallback               0x080030a1   Thumb Code     2  stm32f4xx_hal_tim.o(i.HAL_TIM_IC_CaptureCallback)
    HAL_TIM_IRQHandler                       0x080030a3   Thumb Code   364  stm32f4xx_hal_tim.o(i.HAL_TIM_IRQHandler)
    HAL_TIM_OC_DelayElapsedCallback          0x0800320f   Thumb Code     2  stm32f4xx_hal_tim.o(i.HAL_TIM_OC_DelayElapsedCallback)
    HAL_TIM_PWM_PulseFinishedCallback        0x08003211   Thumb Code     2  stm32f4xx_hal_tim.o(i.HAL_TIM_PWM_PulseFinishedCallback)
    HAL_TIM_PeriodElapsedCallback            0x08003215   Thumb Code    44  cpu_delay.o(i.HAL_TIM_PeriodElapsedCallback)
    HAL_TIM_TriggerCallback                  0x08003249   Thumb Code     2  stm32f4xx_hal_tim.o(i.HAL_TIM_TriggerCallback)
    HAL_UART_Init                            0x0800324b   Thumb Code   118  stm32f4xx_hal_uart.o(i.HAL_UART_Init)
    HAL_UART_MspInit                         0x080032c1   Thumb Code   234  usart.o(i.HAL_UART_MspInit)
    HAL_UART_Receive                         0x080033bd   Thumb Code   194  stm32f4xx_hal_uart.o(i.HAL_UART_Receive)
    HAL_UART_Transmit                        0x0800347f   Thumb Code   190  stm32f4xx_hal_uart.o(i.HAL_UART_Transmit)
    HardFault_Handler                        0x0800353d   Thumb Code     4  stm32f4xx_it.o(i.HardFault_Handler)
    MX_GPIO_Init                             0x08003a89   Thumb Code   212  gpio.o(i.MX_GPIO_Init)
    MX_I2C2_Init                             0x08003b65   Thumb Code    48  i2c.o(i.MX_I2C2_Init)
    MX_RTC_Init                              0x08003ba1   Thumb Code   128  rtc.o(i.MX_RTC_Init)
    MX_SPI2_Init                             0x08003c29   Thumb Code    60  spi.o(i.MX_SPI2_Init)
    MX_TIM2_Init                             0x08003c6d   Thumb Code   104  tim.o(i.MX_TIM2_Init)
    MX_USART1_UART_Init                      0x08003cd9   Thumb Code    46  usart.o(i.MX_USART1_UART_Init)
    MX_USART2_UART_Init                      0x08003d11   Thumb Code    46  usart.o(i.MX_USART2_UART_Init)
    MemManage_Handler                        0x08003d49   Thumb Code     4  stm32f4xx_it.o(i.MemManage_Handler)
    NMI_Handler                              0x08003d4d   Thumb Code     4  stm32f4xx_it.o(i.NMI_Handler)
    PendSV_Handler                           0x08003d51   Thumb Code     2  stm32f4xx_it.o(i.PendSV_Handler)
    RTC_Bcd2ToByte                           0x08003d53   Thumb Code    22  stm32f4xx_hal_rtc.o(i.RTC_Bcd2ToByte)
    RTC_ByteToBcd2                           0x08003d69   Thumb Code    26  stm32f4xx_hal_rtc.o(i.RTC_ByteToBcd2)
    RTC_EnterInitMode                        0x08003d83   Thumb Code    74  stm32f4xx_hal_rtc.o(i.RTC_EnterInitMode)
    RTC_ExitInitMode                         0x08003dcd   Thumb Code    46  stm32f4xx_hal_rtc.o(i.RTC_ExitInitMode)
    SVC_Handler                              0x08003f5d   Thumb Code     2  stm32f4xx_it.o(i.SVC_Handler)
    SysTick_Handler                          0x08003f5f   Thumb Code     8  stm32f4xx_it.o(i.SysTick_Handler)
    SystemClock_Config                       0x08003f69   Thumb Code   176  main.o(i.SystemClock_Config)
    SystemInit                               0x08004021   Thumb Code    14  system_stm32f4xx.o(i.SystemInit)
    TIM2_IRQHandler                          0x08004035   Thumb Code    10  stm32f4xx_it.o(i.TIM2_IRQHandler)
    TIM_Base_SetConfig                       0x08004045   Thumb Code   178  stm32f4xx_hal_tim.o(i.TIM_Base_SetConfig)
    TIM_ETR_SetConfig                        0x08004125   Thumb Code    22  stm32f4xx_hal_tim.o(i.TIM_ETR_SetConfig)
    UsageFault_Handler                       0x080044c1   Thumb Code     4  stm32f4xx_it.o(i.UsageFault_Handler)
    __0printf                                0x080044c5   Thumb Code    22  printfa.o(i.__0printf)
    __1printf                                0x080044c5   Thumb Code     0  printfa.o(i.__0printf)
    __2printf                                0x080044c5   Thumb Code     0  printfa.o(i.__0printf)
    __c89printf                              0x080044c5   Thumb Code     0  printfa.o(i.__0printf)
    printf                                   0x080044c5   Thumb Code     0  printfa.o(i.__0printf)
    __0snprintf                              0x080044e5   Thumb Code    48  printfa.o(i.__0snprintf)
    __1snprintf                              0x080044e5   Thumb Code     0  printfa.o(i.__0snprintf)
    __2snprintf                              0x080044e5   Thumb Code     0  printfa.o(i.__0snprintf)
    __c89snprintf                            0x080044e5   Thumb Code     0  printfa.o(i.__0snprintf)
    snprintf                                 0x080044e5   Thumb Code     0  printfa.o(i.__0snprintf)
    __hardfp_atof                            0x08004551   Thumb Code    44  atof.o(i.__hardfp_atof)
    __read_errno                             0x08004589   Thumb Code     6  errno.o(i.__read_errno)
    __scatterload_copy                       0x08004595   Thumb Code    14  handlers.o(i.__scatterload_copy)
    __scatterload_null                       0x080045a3   Thumb Code     2  handlers.o(i.__scatterload_null)
    __scatterload_zeroinit                   0x080045a5   Thumb Code    14  handlers.o(i.__scatterload_zeroinit)
    __set_errno                              0x080045b5   Thumb Code     6  errno.o(i.__set_errno)
    _is_digit                                0x08004745   Thumb Code    14  scanf_fp.o(i._is_digit)
    aht20_init                               0x08004f31   Thumb Code    68  aht20.o(i.aht20_init)
    aht20_read_measurement                   0x08004fcd   Thumb Code   138  aht20.o(i.aht20_read_measurement)
    aht20_start_measurement                  0x08005091   Thumb Code    18  aht20.o(i.aht20_start_measurement)
    aht20_wait_for_measurement               0x080050a9   Thumb Code    32  aht20.o(i.aht20_wait_for_measurement)
    cpu_delay                                0x08005141   Thumb Code    54  cpu_delay.o(i.cpu_delay)
    cpu_register_periodic_callback           0x080051f1   Thumb Code     6  cpu_delay.o(i.cpu_register_periodic_callback)
    error_page_display                       0x08005225   Thumb Code    92  error_page.o(i.error_page_display)
    esp_at_connect_wifi                      0x08005289   Thumb Code    66  esp_at.o(i.esp_at_connect_wifi)
    esp_at_get_response                      0x080052e9   Thumb Code     4  esp_at.o(i.esp_at_get_response)
    esp_at_get_wifi_info                     0x080052f1   Thumb Code    84  esp_at.o(i.esp_at_get_wifi_info)
    esp_at_http_get                          0x0800535d   Thumb Code    44  esp_at.o(i.esp_at_http_get)
    esp_at_init                              0x080053a9   Thumb Code    50  esp_at.o(i.esp_at_init)
    esp_at_sntp_get_time                     0x080053e9   Thumb Code    42  esp_at.o(i.esp_at_sntp_get_time)
    esp_at_sntp_init                         0x08005425   Thumb Code    22  esp_at.o(i.esp_at_sntp_init)
    esp_at_wait_ready                        0x08005531   Thumb Code    22  esp_at.o(i.esp_at_wait_ready)
    esp_at_wifi_init                         0x08005549   Thumb Code    14  esp_at.o(i.esp_at_wifi_init)
    esp_at_write_command                     0x08005565   Thumb Code    48  esp_at.o(i.esp_at_write_command)
    fputc                                    0x080055c5   Thumb Code    22  board.o(i.fputc)
    main                                     0x080057a1   Thumb Code    82  main.o(i.main)
    main_loop                                0x080057f9   Thumb Code    24  mloop.o(i.main_loop)
    main_loop_init                           0x08005811   Thumb Code    10  mloop.o(i.main_loop_init)
    main_page_display                        0x08005821   Thumb Code   290  main_page.o(i.main_page_display)
    main_page_redraw_date                    0x0800599d   Thumb Code   128  main_page.o(i.main_page_redraw_date)
    main_page_redraw_inner_humidity          0x08005a59   Thumb Code    92  main_page.o(i.main_page_redraw_inner_humidity)
    main_page_redraw_inner_temperature       0x08005ac5   Thumb Code   102  main_page.o(i.main_page_redraw_inner_temperature)
    main_page_redraw_outdoor_city            0x08005b41   Thumb Code    44  main_page.o(i.main_page_redraw_outdoor_city)
    main_page_redraw_outdoor_temperature     0x08005b75   Thumb Code   102  main_page.o(i.main_page_redraw_outdoor_temperature)
    main_page_redraw_outdoor_weather_icon    0x08005bf1   Thumb Code   152  main_page.o(i.main_page_redraw_outdoor_weather_icon)
    main_page_redraw_time                    0x08005ca9   Thumb Code    68  main_page.o(i.main_page_redraw_time)
    main_page_redraw_wifi_ssid               0x08005cfd   Thumb Code    46  main_page.o(i.main_page_redraw_wifi_ssid)
    parse_seniverse_response                 0x08005ff1   Thumb Code   246  weather.o(i.parse_seniverse_response)
    rtc_get_time                             0x080061a1   Thumb Code    42  rtc_driver.o(i.rtc_get_time)
    rtc_set_time                             0x080061cb   Thumb Code    30  rtc_driver.o(i.rtc_set_time)
    st7789_draw_image                        0x080061e9   Thumb Code   178  st7789.o(i.st7789_draw_image)
    st7789_fill_color                        0x080062a5   Thumb Code   140  st7789.o(i.st7789_fill_color)
    st7789_init_display                      0x08006339   Thumb Code   284  st7789.o(i.st7789_init_display)
    st7789_write_string                      0x08006829   Thumb Code   126  st7789.o(i.st7789_write_string)
    welcome_page_display                     0x08006a99   Thumb Code   100  first_welcome_page.o(i.welcome_page_display)
    wifi_init                                0x08006b29   Thumb Code    74  wifi.o(i.wifi_init)
    wifi_page_display                        0x08006c01   Thumb Code   136  wifi_page.o(i.wifi_page_display)
    wifi_wait_connect                        0x08006dd1   Thumb Code   104  wifi.o(i.wifi_wait_connect)
    AHBPrescTable                            0x08006ed8   Data          16  system_stm32f4xx.o(.constdata)
    APBPrescTable                            0x08006ee8   Data           8  system_stm32f4xx.o(.constdata)
    font32_maple_bold                        0x0800957c   Data          16  font.o(.constdata)
    font16_maple                             0x08009b7c   Data          16  font_size16.o(.constdata)
    font20_maple_bold                        0x0800b0cc   Data          16  font_size20.o(.constdata)
    font24_maple_semibold                    0x0800b5e4   Data          16  font24_maple_semibold.o(.constdata)
    font76_maple_extrabold                   0x0800c940   Data          16  font76_maple_extrabold.o(.constdata)
    gImage_img_first_welcome                 0x0800c950   Data       64800  img_first_welcome.o(.constdata)
    first_welcome_img                        0x0801c670   Data           8  img_first_welcome.o(.constdata)
    img_error                                0x08028e78   Data           8  img_error.o(.constdata)
    img_wifi                                 0x08037520   Data           8  img_wifi.o(.constdata)
    icon_wifi                                0x080379a8   Data           8  icon_wifi.o(.constdata)
    icon_wenduji                             0x08038210   Data           8  icon_wenduji.o(.constdata)
    icon_duoyun                              0x080398e0   Data           8  icon_duoyun.o(.constdata)
    icon_leizhenyu                           0x0803afb0   Data           8  icon_leizhenyu.o(.constdata)
    icon_qing                                0x0803c680   Data           8  icon_qing.o(.constdata)
    icon_yintian                             0x0803dd50   Data           8  icon_yintian.o(.constdata)
    icon_yueliang                            0x0803f420   Data           8  icon_yueliang.o(.constdata)
    icon_zhongxue                            0x08040af0   Data           8  icon_zhongxue.o(.constdata)
    icon_zhongyu                             0x080421c0   Data           8  icon_zhongyu.o(.constdata)
    icon_na                                  0x08043890   Data           8  icon_na.o(.constdata)
    __ctype_categories                       0x0804389f   Data          64  ctype_c.o(.constdata)
    Region$$Table$$Base                      0x08043a64   Number         0  anon$$obj.o(Region$$Table)
    Region$$Table$$Limit                     0x08043a84   Number         0  anon$$obj.o(Region$$Table)
    uwTick                                   0x20000000   Data           4  stm32f4xx_hal.o(.data)
    uwTickPrio                               0x20000004   Data           4  stm32f4xx_hal.o(.data)
    uwTickFreq                               0x20000008   Data           1  stm32f4xx_hal.o(.data)
    SystemCoreClock                          0x2000000c   Data           4  system_stm32f4xx.o(.data)
    __stdout                                 0x20000050   Data           4  stdout.o(.data)
    hi2c2                                    0x20000058   Data          84  i2c.o(.bss)
    hrtc                                     0x200000ac   Data          32  rtc.o(.bss)
    hspi2                                    0x200000cc   Data          88  spi.o(.bss)
    htim2                                    0x20000124   Data          72  tim.o(.bss)
    huart1                                   0x2000016c   Data          72  usart.o(.bss)
    huart2                                   0x200001b4   Data          72  usart.o(.bss)
    __initial_sp                             0x20000b18   Data           0  startup_stm32f407xx.o(STACK)



==============================================================================

Memory Map of the image

  Image Entry point : 0x08000189

  Load Region LR_IROM1 (Base: 0x08000000, Size: 0x00043adc, Max: 0x00080000, ABSOLUTE)

    Execution Region ER_IROM1 (Exec base: 0x08000000, Load base: 0x08000000, Size: 0x00043a84, Max: 0x00080000, ABSOLUTE)

    Exec Addr    Load Addr    Size         Type   Attr      Idx    E Section Name        Object

    0x08000000   0x08000000   0x00000188   Data   RO            3    RESET               startup_stm32f407xx.o
    0x08000188   0x08000188   0x00000000   Code   RO         5518  * .ARM.Collect$$$$00000000  mc_w.l(entry.o)
    0x08000188   0x08000188   0x00000004   Code   RO         5810    .ARM.Collect$$$$00000001  mc_w.l(entry2.o)
    0x0800018c   0x0800018c   0x00000004   Code   RO         5813    .ARM.Collect$$$$00000004  mc_w.l(entry5.o)
    0x08000190   0x08000190   0x00000000   Code   RO         5815    .ARM.Collect$$$$00000008  mc_w.l(entry7b.o)
    0x08000190   0x08000190   0x00000000   Code   RO         5817    .ARM.Collect$$$$0000000A  mc_w.l(entry8b.o)
    0x08000190   0x08000190   0x00000008   Code   RO         5818    .ARM.Collect$$$$0000000B  mc_w.l(entry9a.o)
    0x08000198   0x08000198   0x00000004   Code   RO         5825    .ARM.Collect$$$$0000000E  mc_w.l(entry12b.o)
    0x0800019c   0x0800019c   0x00000000   Code   RO         5820    .ARM.Collect$$$$0000000F  mc_w.l(entry10a.o)
    0x0800019c   0x0800019c   0x00000000   Code   RO         5822    .ARM.Collect$$$$00000011  mc_w.l(entry11a.o)
    0x0800019c   0x0800019c   0x00000004   Code   RO         5811    .ARM.Collect$$$$00002712  mc_w.l(entry2.o)
    0x080001a0   0x080001a0   0x00000024   Code   RO            4    .text               startup_stm32f407xx.o
    0x080001c4   0x080001c4   0x00000062   Code   RO         5521    .text               mc_w.l(uldiv.o)
    0x08000226   0x08000226   0x00000024   Code   RO         5523    .text               mc_w.l(memcpya.o)
    0x0800024a   0x0800024a   0x00000024   Code   RO         5525    .text               mc_w.l(memseta.o)
    0x0800026e   0x0800026e   0x00000024   Code   RO         5527    .text               mc_w.l(strstr.o)
    0x08000292   0x08000292   0x00000018   Code   RO         5529    .text               mc_w.l(strncpy.o)
    0x080002aa   0x080002aa   0x0000000e   Code   RO         5531    .text               mc_w.l(strlen.o)
    0x080002b8   0x080002b8   0x0000001c   Code   RO         5533    .text               mc_w.l(strcmp.o)
    0x080002d4   0x080002d4   0x0000001a   Code   RO         5535    .text               mc_w.l(memcmp.o)
    0x080002ee   0x080002ee   0x00000002   PAD
    0x080002f0   0x080002f0   0x00000038   Code   RO         5800    .text               mc_w.l(__0sscanf.o)
    0x08000328   0x08000328   0x0000014c   Code   RO         5802    .text               mc_w.l(_scanf_int.o)
    0x08000474   0x08000474   0x000000e0   Code   RO         5804    .text               mc_w.l(_scanf_str.o)
    0x08000554   0x08000554   0x00000026   Code   RO         5806    .text               mf_w.l(f2d.o)
    0x0800057a   0x0800057a   0x00000038   Code   RO         5808    .text               mf_w.l(d2f.o)
    0x080005b2   0x080005b2   0x0000002c   Code   RO         5827    .text               mc_w.l(uidiv.o)
    0x080005de   0x080005de   0x0000001e   Code   RO         5829    .text               mc_w.l(llshl.o)
    0x080005fc   0x080005fc   0x00000020   Code   RO         5831    .text               mc_w.l(llushr.o)
    0x0800061c   0x0800061c   0x0000001c   Code   RO         5840    .text               mc_w.l(_chval.o)
    0x08000638   0x08000638   0x00000028   Code   RO         5842    .text               mc_w.l(scanf_char.o)
    0x08000660   0x08000660   0x00000040   Code   RO         5844    .text               mc_w.l(_sgetc.o)
    0x080006a0   0x080006a0   0x0000009c   Code   RO         5846    .text               mc_w.l(strtod.o)
    0x0800073c   0x0800073c   0x00000000   Code   RO         5848    .text               mc_w.l(iusefp.o)
    0x0800073c   0x0800073c   0x0000006e   Code   RO         5849    .text               mf_w.l(fepilogue.o)
    0x080007aa   0x080007aa   0x0000014e   Code   RO         5851    .text               mf_w.l(dadd.o)
    0x080008f8   0x080008f8   0x000000e4   Code   RO         5853    .text               mf_w.l(dmul.o)
    0x080009dc   0x080009dc   0x000000de   Code   RO         5855    .text               mf_w.l(ddiv.o)
    0x08000aba   0x08000aba   0x00000030   Code   RO         5857    .text               mf_w.l(dfixul.o)
    0x08000aea   0x08000aea   0x00000002   PAD
    0x08000aec   0x08000aec   0x00000030   Code   RO         5859    .text               mf_w.l(cdrcmple.o)
    0x08000b1c   0x08000b1c   0x00000024   Code   RO         5861    .text               mc_w.l(init.o)
    0x08000b40   0x08000b40   0x00000024   Code   RO         5863    .text               mc_w.l(llsshr.o)
    0x08000b64   0x08000b64   0x0000000a   Code   RO         5865    .text               mc_w.l(isspace_c.o)
    0x08000b6e   0x08000b6e   0x00000002   PAD
    0x08000b70   0x08000b70   0x00000330   Code   RO         5867    .text               mc_w.l(_scanf.o)
    0x08000ea0   0x08000ea0   0x00000360   Code   RO         5869    .text               mc_w.l(scanf_fp.o)
    0x08001200   0x08001200   0x000000ba   Code   RO         5873    .text               mf_w.l(depilogue.o)
    0x080012ba   0x080012ba   0x00000002   PAD
    0x080012bc   0x080012bc   0x00000028   Code   RO         5875    .text               mc_w.l(ctype_c.o)
    0x080012e4   0x080012e4   0x00000018   Code   RO         5878    .text               mf_w.l(dfltul.o)
    0x080012fc   0x080012fc   0x00000004   Code   RO          469    i.BusFault_Handler  stm32f4xx_it.o
    0x08001300   0x08001300   0x00000002   Code   RO          470    i.DebugMon_Handler  stm32f4xx_it.o
    0x08001302   0x08001302   0x00000006   Code   RO           13    i.Error_Handler     main.o
    0x08001308   0x08001308   0x00000028   Code   RO         2019    i.HAL_Delay         stm32f4xx_hal.o
    0x08001330   0x08001330   0x000001f4   Code   RO         1470    i.HAL_GPIO_Init     stm32f4xx_hal_gpio.o
    0x08001524   0x08001524   0x0000000c   Code   RO         1474    i.HAL_GPIO_WritePin  stm32f4xx_hal_gpio.o
    0x08001530   0x08001530   0x0000000c   Code   RO         2025    i.HAL_GetTick       stm32f4xx_hal.o
    0x0800153c   0x0800153c   0x000001d0   Code   RO          586    i.HAL_I2C_Init      stm32f4xx_hal_i2c.o
    0x0800170c   0x0800170c   0x0000030c   Code   RO          592    i.HAL_I2C_Master_Receive  stm32f4xx_hal_i2c.o
    0x08001a18   0x08001a18   0x00000170   Code   RO          599    i.HAL_I2C_Master_Transmit  stm32f4xx_hal_i2c.o
    0x08001b88   0x08001b88   0x00000088   Code   RO          254    i.HAL_I2C_MspInit   i2c.o
    0x08001c10   0x08001c10   0x00000018   Code   RO         2031    i.HAL_IncTick       stm32f4xx_hal.o
    0x08001c28   0x08001c28   0x0000003c   Code   RO         2032    i.HAL_Init          stm32f4xx_hal.o
    0x08001c64   0x08001c64   0x0000004c   Code   RO         2033    i.HAL_InitTick      stm32f4xx_hal.o
    0x08001cb0   0x08001cb0   0x00000048   Code   RO          551    i.HAL_MspInit       stm32f4xx_hal_msp.o
    0x08001cf8   0x08001cf8   0x00000028   Code   RO         1862    i.HAL_NVIC_EnableIRQ  stm32f4xx_hal_cortex.o
    0x08001d20   0x08001d20   0x0000007c   Code   RO         1868    i.HAL_NVIC_SetPriority  stm32f4xx_hal_cortex.o
    0x08001d9c   0x08001d9c   0x00000028   Code   RO         1869    i.HAL_NVIC_SetPriorityGrouping  stm32f4xx_hal_cortex.o
    0x08001dc4   0x08001dc4   0x000001a0   Code   RO         1176    i.HAL_RCCEx_PeriphCLKConfig  stm32f4xx_hal_rcc_ex.o
    0x08001f64   0x08001f64   0x00000184   Code   RO         1071    i.HAL_RCC_ClockConfig  stm32f4xx_hal_rcc.o
    0x080020e8   0x080020e8   0x0000000c   Code   RO         1076    i.HAL_RCC_GetHCLKFreq  stm32f4xx_hal_rcc.o
    0x080020f4   0x080020f4   0x00000020   Code   RO         1078    i.HAL_RCC_GetPCLK1Freq  stm32f4xx_hal_rcc.o
    0x08002114   0x08002114   0x00000020   Code   RO         1079    i.HAL_RCC_GetPCLK2Freq  stm32f4xx_hal_rcc.o
    0x08002134   0x08002134   0x000000b0   Code   RO         1080    i.HAL_RCC_GetSysClockFreq  stm32f4xx_hal_rcc.o
    0x080021e4   0x080021e4   0x0000049c   Code   RO         1083    i.HAL_RCC_OscConfig  stm32f4xx_hal_rcc.o
    0x08002680   0x08002680   0x0000004c   Code   RO         2280    i.HAL_RTC_GetDate   stm32f4xx_hal_rtc.o
    0x080026cc   0x080026cc   0x0000005c   Code   RO         2282    i.HAL_RTC_GetTime   stm32f4xx_hal_rtc.o
    0x08002728   0x08002728   0x000000b4   Code   RO         2283    i.HAL_RTC_Init      stm32f4xx_hal_rtc.o
    0x080027dc   0x080027dc   0x0000003c   Code   RO          296    i.HAL_RTC_MspInit   rtc.o
    0x08002818   0x08002818   0x000000c0   Code   RO         2289    i.HAL_RTC_SetDate   stm32f4xx_hal_rtc.o
    0x080028d8   0x080028d8   0x000000ec   Code   RO         2290    i.HAL_RTC_SetTime   stm32f4xx_hal_rtc.o
    0x080029c4   0x080029c4   0x00000038   Code   RO         2291    i.HAL_RTC_WaitForSynchro  stm32f4xx_hal_rtc.o
    0x080029fc   0x080029fc   0x00000008   Code   RO         2681    i.HAL_SPI_GetState  stm32f4xx_hal_spi.o
    0x08002a04   0x08002a04   0x000000c8   Code   RO         2683    i.HAL_SPI_Init      stm32f4xx_hal_spi.o
    0x08002acc   0x08002acc   0x000000c8   Code   RO          338    i.HAL_SPI_MspInit   spi.o
    0x08002b94   0x08002b94   0x000001be   Code   RO         2691    i.HAL_SPI_Transmit  stm32f4xx_hal_spi.o
    0x08002d52   0x08002d52   0x00000034   Code   RO         1873    i.HAL_SYSTICK_Config  stm32f4xx_hal_cortex.o
    0x08002d86   0x08002d86   0x00000002   Code   RO         3711    i.HAL_TIMEx_BreakCallback  stm32f4xx_hal_tim_ex.o
    0x08002d88   0x08002d88   0x00000002   Code   RO         3712    i.HAL_TIMEx_CommutCallback  stm32f4xx_hal_tim_ex.o
    0x08002d8a   0x08002d8a   0x00000002   PAD
    0x08002d8c   0x08002d8c   0x000000b4   Code   RO         3730    i.HAL_TIMEx_MasterConfigSynchronization  stm32f4xx_hal_tim_ex.o
    0x08002e40   0x08002e40   0x00000066   Code   RO         2996    i.HAL_TIM_Base_Init  stm32f4xx_hal_tim.o
    0x08002ea6   0x08002ea6   0x00000002   PAD
    0x08002ea8   0x08002ea8   0x00000044   Code   RO          380    i.HAL_TIM_Base_MspInit  tim.o
    0x08002eec   0x08002eec   0x000000a8   Code   RO         3001    i.HAL_TIM_Base_Start_IT  stm32f4xx_hal_tim.o
    0x08002f94   0x08002f94   0x0000010c   Code   RO         3005    i.HAL_TIM_ConfigClockSource  stm32f4xx_hal_tim.o
    0x080030a0   0x080030a0   0x00000002   Code   RO         3030    i.HAL_TIM_IC_CaptureCallback  stm32f4xx_hal_tim.o
    0x080030a2   0x080030a2   0x0000016c   Code   RO         3044    i.HAL_TIM_IRQHandler  stm32f4xx_hal_tim.o
    0x0800320e   0x0800320e   0x00000002   Code   RO         3047    i.HAL_TIM_OC_DelayElapsedCallback  stm32f4xx_hal_tim.o
    0x08003210   0x08003210   0x00000002   Code   RO         3074    i.HAL_TIM_PWM_PulseFinishedCallback  stm32f4xx_hal_tim.o
    0x08003212   0x08003212   0x00000002   PAD
    0x08003214   0x08003214   0x00000034   Code   RO         4536    i.HAL_TIM_PeriodElapsedCallback  cpu_delay.o
    0x08003248   0x08003248   0x00000002   Code   RO         3087    i.HAL_TIM_TriggerCallback  stm32f4xx_hal_tim.o
    0x0800324a   0x0800324a   0x00000076   Code   RO         4008    i.HAL_UART_Init     stm32f4xx_hal_uart.o
    0x080032c0   0x080032c0   0x000000fc   Code   RO          422    i.HAL_UART_MspInit  usart.o
    0x080033bc   0x080033bc   0x000000c2   Code   RO         4011    i.HAL_UART_Receive  stm32f4xx_hal_uart.o
    0x0800347e   0x0800347e   0x000000be   Code   RO         4016    i.HAL_UART_Transmit  stm32f4xx_hal_uart.o
    0x0800353c   0x0800353c   0x00000004   Code   RO          471    i.HardFault_Handler  stm32f4xx_it.o
    0x08003540   0x08003540   0x0000003e   Code   RO          630    i.I2C_IsAcknowledgeFailed  stm32f4xx_hal_i2c.o
    0x0800357e   0x0800357e   0x00000002   PAD
    0x08003580   0x08003580   0x00000138   Code   RO          633    i.I2C_MasterRequestRead  stm32f4xx_hal_i2c.o
    0x080036b8   0x080036b8   0x000000c0   Code   RO          634    i.I2C_MasterRequestWrite  stm32f4xx_hal_i2c.o
    0x08003778   0x08003778   0x00000066   Code   RO          650    i.I2C_WaitOnBTFFlagUntilTimeout  stm32f4xx_hal_i2c.o
    0x080037de   0x080037de   0x000000be   Code   RO          651    i.I2C_WaitOnFlagUntilTimeout  stm32f4xx_hal_i2c.o
    0x0800389c   0x0800389c   0x000000fa   Code   RO          652    i.I2C_WaitOnMasterAddressFlagUntilTimeout  stm32f4xx_hal_i2c.o
    0x08003996   0x08003996   0x0000008a   Code   RO          653    i.I2C_WaitOnRXNEFlagUntilTimeout  stm32f4xx_hal_i2c.o
    0x08003a20   0x08003a20   0x00000066   Code   RO          656    i.I2C_WaitOnTXEFlagUntilTimeout  stm32f4xx_hal_i2c.o
    0x08003a86   0x08003a86   0x00000002   PAD
    0x08003a88   0x08003a88   0x000000dc   Code   RO          229    i.MX_GPIO_Init      gpio.o
    0x08003b64   0x08003b64   0x0000003c   Code   RO          255    i.MX_I2C2_Init      i2c.o
    0x08003ba0   0x08003ba0   0x00000088   Code   RO          297    i.MX_RTC_Init       rtc.o
    0x08003c28   0x08003c28   0x00000044   Code   RO          339    i.MX_SPI2_Init      spi.o
    0x08003c6c   0x08003c6c   0x0000006c   Code   RO          381    i.MX_TIM2_Init      tim.o
    0x08003cd8   0x08003cd8   0x00000038   Code   RO          423    i.MX_USART1_UART_Init  usart.o
    0x08003d10   0x08003d10   0x00000038   Code   RO          424    i.MX_USART2_UART_Init  usart.o
    0x08003d48   0x08003d48   0x00000004   Code   RO          472    i.MemManage_Handler  stm32f4xx_it.o
    0x08003d4c   0x08003d4c   0x00000004   Code   RO          473    i.NMI_Handler       stm32f4xx_it.o
    0x08003d50   0x08003d50   0x00000002   Code   RO          474    i.PendSV_Handler    stm32f4xx_it.o
    0x08003d52   0x08003d52   0x00000016   Code   RO         2292    i.RTC_Bcd2ToByte    stm32f4xx_hal_rtc.o
    0x08003d68   0x08003d68   0x0000001a   Code   RO         2293    i.RTC_ByteToBcd2    stm32f4xx_hal_rtc.o
    0x08003d82   0x08003d82   0x0000004a   Code   RO         2294    i.RTC_EnterInitMode  stm32f4xx_hal_rtc.o
    0x08003dcc   0x08003dcc   0x0000002e   Code   RO         2295    i.RTC_ExitInitMode  stm32f4xx_hal_rtc.o
    0x08003dfa   0x08003dfa   0x00000002   PAD
    0x08003dfc   0x08003dfc   0x00000088   Code   RO         2721    i.SPI_EndRxTxTransaction  stm32f4xx_hal_spi.o
    0x08003e84   0x08003e84   0x000000d8   Code   RO         2726    i.SPI_WaitFlagStateUntilTimeout  stm32f4xx_hal_spi.o
    0x08003f5c   0x08003f5c   0x00000002   Code   RO          475    i.SVC_Handler       stm32f4xx_it.o
    0x08003f5e   0x08003f5e   0x00000008   Code   RO          476    i.SysTick_Handler   stm32f4xx_it.o
    0x08003f66   0x08003f66   0x00000002   PAD
    0x08003f68   0x08003f68   0x000000b8   Code   RO           14    i.SystemClock_Config  main.o
    0x08004020   0x08004020   0x00000014   Code   RO         4352    i.SystemInit        system_stm32f4xx.o
    0x08004034   0x08004034   0x00000010   Code   RO          477    i.TIM2_IRQHandler   stm32f4xx_it.o
    0x08004044   0x08004044   0x000000e0   Code   RO         3089    i.TIM_Base_SetConfig  stm32f4xx_hal_tim.o
    0x08004124   0x08004124   0x00000016   Code   RO         3100    i.TIM_ETR_SetConfig  stm32f4xx_hal_tim.o
    0x0800413a   0x0800413a   0x00000012   Code   RO         3101    i.TIM_ITRx_SetConfig  stm32f4xx_hal_tim.o
    0x0800414c   0x0800414c   0x00000026   Code   RO         3107    i.TIM_TI1_ConfigInputStage  stm32f4xx_hal_tim.o
    0x08004172   0x08004172   0x00000028   Code   RO         3109    i.TIM_TI2_ConfigInputStage  stm32f4xx_hal_tim.o
    0x0800419a   0x0800419a   0x0000006c   Code   RO         4031    i.UART_EndRxTransfer  stm32f4xx_hal_uart.o
    0x08004206   0x08004206   0x00000002   PAD
    0x08004208   0x08004208   0x0000022c   Code   RO         4035    i.UART_SetConfig    stm32f4xx_hal_uart.o
    0x08004434   0x08004434   0x0000008c   Code   RO         4039    i.UART_WaitOnFlagUntilTimeout  stm32f4xx_hal_uart.o
    0x080044c0   0x080044c0   0x00000004   Code   RO          478    i.UsageFault_Handler  stm32f4xx_it.o
    0x080044c4   0x080044c4   0x00000020   Code   RO         5772    i.__0printf         mc_w.l(printfa.o)
    0x080044e4   0x080044e4   0x00000034   Code   RO         5773    i.__0snprintf       mc_w.l(printfa.o)
    0x08004518   0x08004518   0x00000010   Code   RO         1875    i.__NVIC_GetPriorityGrouping  stm32f4xx_hal_cortex.o
    0x08004528   0x08004528   0x00000028   Code   RO         1876    i.__NVIC_SetPriority  stm32f4xx_hal_cortex.o
    0x08004550   0x08004550   0x00000038   Code   RO         5512    i.__hardfp_atof     m_wm.l(atof.o)
    0x08004588   0x08004588   0x0000000c   Code   RO         5834    i.__read_errno      mc_w.l(errno.o)
    0x08004594   0x08004594   0x0000000e   Code   RO         5882    i.__scatterload_copy  mc_w.l(handlers.o)
    0x080045a2   0x080045a2   0x00000002   Code   RO         5883    i.__scatterload_null  mc_w.l(handlers.o)
    0x080045a4   0x080045a4   0x0000000e   Code   RO         5884    i.__scatterload_zeroinit  mc_w.l(handlers.o)
    0x080045b2   0x080045b2   0x00000002   PAD
    0x080045b4   0x080045b4   0x0000000c   Code   RO         5835    i.__set_errno       mc_w.l(errno.o)
    0x080045c0   0x080045c0   0x00000184   Code   RO         5779    i._fp_digits        mc_w.l(printfa.o)
    0x08004744   0x08004744   0x0000000e   Code   RO         5871    i._is_digit         mc_w.l(scanf_fp.o)
    0x08004752   0x08004752   0x00000002   PAD
    0x08004754   0x08004754   0x000006b4   Code   RO         5780    i._printf_core      mc_w.l(printfa.o)
    0x08004e08   0x08004e08   0x00000024   Code   RO         5781    i._printf_post_padding  mc_w.l(printfa.o)
    0x08004e2c   0x08004e2c   0x0000002e   Code   RO         5782    i._printf_pre_padding  mc_w.l(printfa.o)
    0x08004e5a   0x08004e5a   0x00000002   PAD
    0x08004e5c   0x08004e5c   0x0000005c   Code   RO         4874    i._rtc_get_time_once  rtc_driver.o
    0x08004eb8   0x08004eb8   0x00000060   Code   RO         4875    i._rtc_set_time_once  rtc_driver.o
    0x08004f18   0x08004f18   0x00000016   Code   RO         5783    i._snputc           mc_w.l(printfa.o)
    0x08004f2e   0x08004f2e   0x00000002   PAD
    0x08004f30   0x08004f30   0x00000048   Code   RO         4674    i.aht20_init        aht20.o
    0x08004f78   0x08004f78   0x00000016   Code   RO         4675    i.aht20_is_busy     aht20.o
    0x08004f8e   0x08004f8e   0x00000018   Code   RO         4676    i.aht20_is_ready    aht20.o
    0x08004fa6   0x08004fa6   0x00000002   PAD
    0x08004fa8   0x08004fa8   0x00000024   Code   RO         4677    i.aht20_read        aht20.o
    0x08004fcc   0x08004fcc   0x0000009c   Code   RO         4678    i.aht20_read_measurement  aht20.o
    0x08005068   0x08005068   0x00000028   Code   RO         4679    i.aht20_read_status  aht20.o
    0x08005090   0x08005090   0x00000018   Code   RO         4680    i.aht20_start_measurement  aht20.o
    0x080050a8   0x080050a8   0x00000020   Code   RO         4681    i.aht20_wait_for_measurement  aht20.o
    0x080050c8   0x080050c8   0x00000024   Code   RO         4682    i.aht20_write       aht20.o
    0x080050ec   0x080050ec   0x00000052   Code   RO         4579    i.ascii_get_model   st7789.o
    0x0800513e   0x0800513e   0x00000002   PAD
    0x08005140   0x08005140   0x00000048   Code   RO         4537    i.cpu_delay         cpu_delay.o
    0x08005188   0x08005188   0x00000068   Code   RO         4472    i.cpu_periodic_callback  mloop.o
    0x080051f0   0x080051f0   0x0000000c   Code   RO         4538    i.cpu_register_periodic_callback  cpu_delay.o
    0x080051fc   0x080051fc   0x00000028   Code   RO         4539    i.dwt_init          cpu_delay.o
    0x08005224   0x08005224   0x00000064   Code   RO         5392    i.error_page_display  error_page.o
    0x08005288   0x08005288   0x00000060   Code   RO         4741    i.esp_at_connect_wifi  esp_at.o
    0x080052e8   0x080052e8   0x00000008   Code   RO         4742    i.esp_at_get_response  esp_at.o
    0x080052f0   0x080052f0   0x0000006c   Code   RO         4743    i.esp_at_get_wifi_info  esp_at.o
    0x0800535c   0x0800535c   0x0000004c   Code   RO         4744    i.esp_at_http_get   esp_at.o
    0x080053a8   0x080053a8   0x00000040   Code   RO         4745    i.esp_at_init       esp_at.o
    0x080053e8   0x080053e8   0x0000003c   Code   RO         4746    i.esp_at_sntp_get_time  esp_at.o
    0x08005424   0x08005424   0x0000002c   Code   RO         4747    i.esp_at_sntp_init  esp_at.o
    0x08005450   0x08005450   0x0000007c   Code   RO         4748    i.esp_at_usart_wait_receive  esp_at.o
    0x080054cc   0x080054cc   0x00000040   Code   RO         4749    i.esp_at_usart_write  esp_at.o
    0x0800550c   0x0800550c   0x00000024   Code   RO         4750    i.esp_at_wait_boot  esp_at.o
    0x08005530   0x08005530   0x00000016   Code   RO         4751    i.esp_at_wait_ready  esp_at.o
    0x08005546   0x08005546   0x00000002   PAD
    0x08005548   0x08005548   0x0000001c   Code   RO         4752    i.esp_at_wifi_init  esp_at.o
    0x08005564   0x08005564   0x00000060   Code   RO         4753    i.esp_at_write_command  esp_at.o
    0x080055c4   0x080055c4   0x0000001c   Code   RO         4388    i.fputc             board.o
    0x080055e0   0x080055e0   0x00000030   Code   RO         4580    i.in_screen_range   st7789.o
    0x08005610   0x08005610   0x0000017c   Code   RO         4473    i.inner_update      mloop.o
    0x0800578c   0x0800578c   0x00000012   Code   RO         4581    i.is_gb2312         st7789.o
    0x0800579e   0x0800579e   0x00000002   PAD
    0x080057a0   0x080057a0   0x00000058   Code   RO           15    i.main              main.o
    0x080057f8   0x080057f8   0x00000018   Code   RO         4474    i.main_loop         mloop.o
    0x08005810   0x08005810   0x00000010   Code   RO         4475    i.main_loop_init    mloop.o
    0x08005820   0x08005820   0x0000017c   Code   RO         5442    i.main_page_display  main_page.o
    0x0800599c   0x0800599c   0x000000bc   Code   RO         5443    i.main_page_redraw_date  main_page.o
    0x08005a58   0x08005a58   0x0000006c   Code   RO         5444    i.main_page_redraw_inner_humidity  main_page.o
    0x08005ac4   0x08005ac4   0x0000007c   Code   RO         5445    i.main_page_redraw_inner_temperature  main_page.o
    0x08005b40   0x08005b40   0x00000034   Code   RO         5446    i.main_page_redraw_outdoor_city  main_page.o
    0x08005b74   0x08005b74   0x0000007c   Code   RO         5447    i.main_page_redraw_outdoor_temperature  main_page.o
    0x08005bf0   0x08005bf0   0x000000b8   Code   RO         5448    i.main_page_redraw_outdoor_weather_icon  main_page.o
    0x08005ca8   0x08005ca8   0x00000054   Code   RO         5449    i.main_page_redraw_time  main_page.o
    0x08005cfc   0x08005cfc   0x0000003c   Code   RO         5450    i.main_page_redraw_wifi_ssid  main_page.o
    0x08005d38   0x08005d38   0x00000030   Code   RO         4754    i.match_internal_ack  esp_at.o
    0x08005d68   0x08005d68   0x0000003c   Code   RO         4755    i.month_str_to_num  esp_at.o
    0x08005da4   0x08005da4   0x000000f0   Code   RO         4476    i.outdoor_update    mloop.o
    0x08005e94   0x08005e94   0x00000090   Code   RO         4756    i.parse_cipsntptime_response  esp_at.o
    0x08005f24   0x08005f24   0x00000068   Code   RO         4757    i.parse_cwjap_response  esp_at.o
    0x08005f8c   0x08005f8c   0x00000064   Code   RO         4758    i.parse_cwstate_response  esp_at.o
    0x08005ff0   0x08005ff0   0x000001b0   Code   RO         4448    i.parse_seniverse_response  weather.o
    0x080061a0   0x080061a0   0x0000002a   Code   RO         4876    i.rtc_get_time      rtc_driver.o
    0x080061ca   0x080061ca   0x0000001e   Code   RO         4877    i.rtc_set_time      rtc_driver.o
    0x080061e8   0x080061e8   0x000000bc   Code   RO         4582    i.st7789_draw_image  st7789.o
    0x080062a4   0x080062a4   0x00000094   Code   RO         4583    i.st7789_fill_color  st7789.o
    0x08006338   0x08006338   0x00000160   Code   RO         4584    i.st7789_init_display  st7789.o
    0x08006498   0x08006498   0x0000002c   Code   RO         4585    i.st7789_reset      st7789.o
    0x080064c4   0x080064c4   0x00000014   Code   RO         4586    i.st7789_set_backlight  st7789.o
    0x080064d8   0x080064d8   0x0000000e   Code   RO         4587    i.st7789_set_gram_mode  st7789.o
    0x080064e6   0x080064e6   0x00000054   Code   RO         4588    i.st7789_set_range  st7789.o
    0x0800653a   0x0800653a   0x00000002   PAD
    0x0800653c   0x0800653c   0x00000164   Code   RO         4589    i.st7789_write_chinese  st7789.o
    0x080066a0   0x080066a0   0x0000005c   Code   RO         4590    i.st7789_write_register  st7789.o
    0x080066fc   0x080066fc   0x0000012c   Code   RO         4591    i.st7789_write_single_ascii  st7789.o
    0x08006828   0x08006828   0x0000007e   Code   RO         4592    i.st7789_write_string  st7789.o
    0x080068a6   0x080068a6   0x00000002   PAD
    0x080068a8   0x080068a8   0x00000140   Code   RO         4477    i.time_sync         mloop.o
    0x080069e8   0x080069e8   0x00000078   Code   RO         4478    i.time_update       mloop.o
    0x08006a60   0x08006a60   0x00000038   Code   RO         4759    i.weekday_str_to_num  esp_at.o
    0x08006a98   0x08006a98   0x00000090   Code   RO         5368    i.welcome_page_display  first_welcome_page.o
    0x08006b28   0x08006b28   0x000000d8   Code   RO         4418    i.wifi_init         wifi.o
    0x08006c00   0x08006c00   0x000000a4   Code   RO         5416    i.wifi_page_display  wifi_page.o
    0x08006ca4   0x08006ca4   0x0000012c   Code   RO         4479    i.wifi_update       mloop.o
    0x08006dd0   0x08006dd0   0x00000108   Code   RO         4419    i.wifi_wait_connect  wifi.o
    0x08006ed8   0x08006ed8   0x00000018   Data   RO         4353    .constdata          system_stm32f4xx.o
    0x08006ef0   0x08006ef0   0x0000006c   Data   RO         4762    .constdata          esp_at.o
    0x08006f5c   0x08006f5c   0x00002630   Data   RO         4914    .constdata          font.o
    0x0800958c   0x0800958c   0x00000600   Data   RO         4940    .constdata          font_size16.o
    0x08009b8c   0x08009b8c   0x00001550   Data   RO         4965    .constdata          font_size20.o
    0x0800b0dc   0x0800b0dc   0x00000518   Data   RO         4991    .constdata          font24_maple_semibold.o
    0x0800b5f4   0x0800b5f4   0x0000135c   Data   RO         5017    .constdata          font76_maple_extrabold.o
    0x0800c950   0x0800c950   0x0000fd28   Data   RO         5043    .constdata          img_first_welcome.o
    0x0801c678   0x0801c678   0x0000c808   Data   RO         5068    .constdata          img_error.o
    0x08028e80   0x08028e80   0x0000e6a8   Data   RO         5093    .constdata          img_wifi.o
    0x08037528   0x08037528   0x00000488   Data   RO         5118    .constdata          icon_wifi.o
    0x080379b0   0x080379b0   0x00000868   Data   RO         5143    .constdata          icon_wenduji.o
    0x08038218   0x08038218   0x000016d0   Data   RO         5168    .constdata          icon_duoyun.o
    0x080398e8   0x080398e8   0x000016d0   Data   RO         5193    .constdata          icon_leizhenyu.o
    0x0803afb8   0x0803afb8   0x000016d0   Data   RO         5218    .constdata          icon_qing.o
    0x0803c688   0x0803c688   0x000016d0   Data   RO         5243    .constdata          icon_yintian.o
    0x0803dd58   0x0803dd58   0x000016d0   Data   RO         5268    .constdata          icon_yueliang.o
    0x0803f428   0x0803f428   0x000016d0   Data   RO         5293    .constdata          icon_zhongxue.o
    0x08040af8   0x08040af8   0x000016d0   Data   RO         5318    .constdata          icon_zhongyu.o
    0x080421c8   0x080421c8   0x000016d0   Data   RO         5343    .constdata          icon_na.o
    0x08043898   0x08043898   0x00000007   Data   RO         5451    .constdata          main_page.o
    0x0804389f   0x0804389f   0x00000040   Data   RO         5876    .constdata          mc_w.l(ctype_c.o)
    0x080438df   0x080438df   0x00000001   PAD
    0x080438e0   0x080438e0   0x0000006a   Data   RO         4481    .conststring        mloop.o
    0x0804394a   0x0804394a   0x00000002   PAD
    0x0804394c   0x0804394c   0x00000074   Data   RO         4763    .conststring        esp_at.o
    0x080439c0   0x080439c0   0x00000067   Data   RO         4915    .conststring        font.o
    0x08043a27   0x08043a27   0x00000001   PAD
    0x08043a28   0x08043a28   0x0000001f   Data   RO         4966    .conststring        font_size20.o
    0x08043a47   0x08043a47   0x00000001   PAD
    0x08043a48   0x08043a48   0x00000007   Data   RO         4992    .conststring        font24_maple_semibold.o
    0x08043a4f   0x08043a4f   0x00000001   PAD
    0x08043a50   0x08043a50   0x0000000e   Data   RO         5018    .conststring        font76_maple_extrabold.o
    0x08043a5e   0x08043a5e   0x00000002   PAD
    0x08043a60   0x08043a60   0x00000004   Data   RO         5417    .conststring        wifi_page.o
    0x08043a64   0x08043a64   0x00000020   Data   RO         5880    Region$$Table       anon$$obj.o


    Execution Region RW_IRAM1 (Exec base: 0x20000000, Load base: 0x08043a84, Size: 0x00000b18, Max: 0x0001c000, ABSOLUTE)

    Exec Addr    Load Addr    Size         Type   Attr      Idx    E Section Name        Object

    0x20000000   0x08043a84   0x00000009   Data   RW         2039    .data               stm32f4xx_hal.o
    0x20000009   0x08043a8d   0x00000003   PAD
    0x2000000c   0x08043a90   0x00000004   Data   RW         4354    .data               system_stm32f4xx.o
    0x20000010   0x08043a94   0x00000024   Data   RW         4482    .data               mloop.o
    0x20000034   0x08043ab8   0x00000004   PAD
    0x20000038   0x08043abc   0x00000014   Data   RW         4540    .data               cpu_delay.o
    0x2000004c   0x08043ad0   0x00000004   Data   RW         5418    .data               wifi_page.o
    0x20000050   0x08043ad4   0x00000004   Data   RW         5826    .data               mc_w.l(stdout.o)
    0x20000054   0x08043ad8   0x00000004   Data   RW         5836    .data               mc_w.l(errno.o)
    0x20000058        -       0x00000054   Zero   RW          256    .bss                i2c.o
    0x200000ac        -       0x00000020   Zero   RW          298    .bss                rtc.o
    0x200000cc        -       0x00000058   Zero   RW          340    .bss                spi.o
    0x20000124        -       0x00000048   Zero   RW          382    .bss                tim.o
    0x2000016c        -       0x00000090   Zero   RW          425    .bss                usart.o
    0x200001fc        -       0x00000118   Zero   RW         4480    .bss                mloop.o
    0x20000314        -       0x00000400   Zero   RW         4761    .bss                esp_at.o
    0x20000714   0x08043adc   0x00000004   PAD
    0x20000718        -       0x00000400   Zero   RW            1    STACK               startup_stm32f407xx.o


    Execution Region RW_IRAM2 (Exec base: 0x2001c000, Load base: 0x08043adc, Size: 0x00000000, Max: 0x00004000, ABSOLUTE)

    **** No section assigned to this execution region ****


==============================================================================

Image component sizes


      Code (inc. data)   RO Data    RW Data    ZI Data      Debug   Object Name

       442         36          0          0          0       6049   aht20.o
        28          6          0          0          0       1128   board.o
       176         42          0         20          0       2889   cpu_delay.o
       100          8          0          0          0       1077   error_page.o
      1338        396        224          0       1024      13867   esp_at.o
       144         44          0          0          0        967   first_welcome_page.o
         0          0       9879          0          0       1430   font.o
         0          0       1311          0          0       1438   font24_maple_semibold.o
         0          0       4970          0          0       1446   font76_maple_extrabold.o
         0          0       1536          0          0       1414   font_size16.o
         0          0       5487          0          0       1450   font_size20.o
       220          8          0          0          0       1091   gpio.o
       196         24          0          0         84       1801   i2c.o
         0          0       5840          0          0       1555   icon_duoyun.o
         0          0       5840          0          0       1571   icon_leizhenyu.o
         0          0       5840          0          0       1539   icon_na.o
         0          0       5840          0          0       1551   icon_qing.o
         0          0       2152          0          0       1559   icon_wenduji.o
         0          0       1160          0          0       1551   icon_wifi.o
         0          0       5840          0          0       1559   icon_yintian.o
         0          0       5840          0          0       1567   icon_yueliang.o
         0          0       5840          0          0       1567   icon_zhongxue.o
         0          0       5840          0          0       1559   icon_zhongyu.o
         0          0      51208          0          0       1551   img_error.o
         0          0      64808          0          0       1612   img_first_welcome.o
         0          0      59048          0          0       1547   img_wifi.o
       278         14          0          0          0     724453   main.o
      1304        280          7          0          0       7023   main_page.o
      1504        600        106         36        280       5329   mloop.o
       196         18          0          0         32       1815   rtc.o
       260         10          0          0          0       2870   rtc_driver.o
       268         26          0          0         88       1881   spi.o
      1872        126          0          0          0      11828   st7789.o
        36          8        392          0       1024        872   startup_stm32f407xx.o
       212         36          0          9          0       9693   stm32f4xx_hal.o
       312         22          0          0          0      34599   stm32f4xx_hal_cortex.o
       512         46          0          0          0       2216   stm32f4xx_hal_gpio.o
      2960         50          0          0          0      12066   stm32f4xx_hal_i2c.o
        72          4          0          0          0        934   stm32f4xx_hal_msp.o
      1820         84          0          0          0       5892   stm32f4xx_hal_rcc.o
       416         20          0          0          0       1480   stm32f4xx_hal_rcc_ex.o
      1000         28          0          0          0       8389   stm32f4xx_hal_rtc.o
      1006         12          0          0          0       5161   stm32f4xx_hal_spi.o
      1252         76          0          0          0      10327   stm32f4xx_hal_tim.o
       184         30          0          0          0       2673   stm32f4xx_hal_tim_ex.o
      1306         10          0          0          0       5911   stm32f4xx_hal_uart.o
        50          6          0          0          0       5080   stm32f4xx_it.o
        20          6         24          4          0       1235   system_stm32f4xx.o
       176         10          0          0         72       1834   tim.o
       364         38          0          0        144       2547   usart.o
       432        186          0          0          0       1635   weather.o
       480        302          0          0          0       1284   wifi.o
       164         28          4          4          0       1048   wifi_page.o

    ----------------------------------------------------------------------
     21128       2640     249075         80       2752     926410   Object Totals
         0          0         32          0          0          0   (incl. Generated)
        28          0          7          7          4          0   (incl. Padding)

    ----------------------------------------------------------------------

      Code (inc. data)   RO Data    RW Data    ZI Data      Debug   Library Member Name

        56         12          0          0          0        132   atof.o
        56          8          0          0          0         84   __0sscanf.o
        28          0          0          0          0         68   _chval.o
       816          6          0          0          0        112   _scanf.o
       332          0          0          0          0         96   _scanf_int.o
       224          0          0          0          0         96   _scanf_str.o
        64          0          0          0          0         84   _sgetc.o
        40          6         64          0          0         68   ctype_c.o
         0          0          0          0          0          0   entry.o
         0          0          0          0          0          0   entry10a.o
         0          0          0          0          0          0   entry11a.o
         4          0          0          0          0          0   entry12b.o
         8          4          0          0          0          0   entry2.o
         4          0          0          0          0          0   entry5.o
         0          0          0          0          0          0   entry7b.o
         0          0          0          0          0          0   entry8b.o
         8          4          0          0          0          0   entry9a.o
        24         12          0          4          0        136   errno.o
        30          0          0          0          0          0   handlers.o
        36          8          0          0          0         68   init.o
        10          0          0          0          0         68   isspace_c.o
         0          0          0          0          0          0   iusefp.o
        30          0          0          0          0         68   llshl.o
        36          0          0          0          0         68   llsshr.o
        32          0          0          0          0         68   llushr.o
        26          0          0          0          0         80   memcmp.o
        36          0          0          0          0         68   memcpya.o
        36          0          0          0          0        108   memseta.o
      2292         94          0          0          0        620   printfa.o
        40          8          0          0          0         84   scanf_char.o
       878         12          0          0          0        216   scanf_fp.o
         0          0          0          4          0          0   stdout.o
        28          0          0          0          0         76   strcmp.o
        14          0          0          0          0         68   strlen.o
        24          0          0          0          0         76   strncpy.o
        36          0          0          0          0         80   strstr.o
       156         12          0          0          0        120   strtod.o
        44          0          0          0          0         80   uidiv.o
        98          0          0          0          0         92   uldiv.o
        48          0          0          0          0         68   cdrcmple.o
        56          0          0          0          0         88   d2f.o
       334          0          0          0          0        148   dadd.o
       222          0          0          0          0        100   ddiv.o
       186          0          0          0          0        176   depilogue.o
        48          0          0          0          0         68   dfixul.o
        24          0          0          0          0         76   dfltul.o
       228          0          0          0          0         96   dmul.o
        38          0          0          0          0         68   f2d.o
       110          0          0          0          0        168   fepilogue.o

    ----------------------------------------------------------------------
      6856        186         65          8          0       4040   Library Totals
        16          0          1          0          0          0   (incl. Padding)

    ----------------------------------------------------------------------

      Code (inc. data)   RO Data    RW Data    ZI Data      Debug   Library Name

        56         12          0          0          0        132   m_wm.l
      5490        174         64          8          0       2852   mc_w.l
      1294          0          0          0          0       1056   mf_w.l

    ----------------------------------------------------------------------
      6856        186         65          8          0       4040   Library Totals

    ----------------------------------------------------------------------

==============================================================================


      Code (inc. data)   RO Data    RW Data    ZI Data      Debug   

     27984       2826     249140         88       2752     912274   Grand Totals
     27984       2826     249140         88       2752     912274   ELF Image Totals
     27984       2826     249140         88          0          0   ROM Totals

==============================================================================

    Total RO  Size (Code + RO Data)               277124 ( 270.63kB)
    Total RW  Size (RW Data + ZI Data)              2840 (   2.77kB)
    Total ROM Size (Code + RO Data + RW Data)     277212 ( 270.71kB)

==============================================================================

